Copyright 1986-2022 Xilinx, Inc. All Rights Reserved. Copyright 2022-2025 Advanced Micro Devices, Inc. All Rights Reserved.
-------------------------------------------------------------------------------------------------------------------------------------------------------------------
| Tool Version : Vivado v.2025.1 (win64) Build 6140274 Thu May 22 00:12:29 MDT 2025
| Date         : Tue Aug 11 16:52:56 2026
| Host         : DESKTOP-EG6CLME running 64-bit major release  (build 9200)
| Command      : report_utilization -hierarchical -file {D:/THUC TAP/so_sanh_9_8/cnn_ver5/cnn_ver3/cnn_pe_ver1/ver5_reports/utilization_synth_sanity_xc7a100t.rpt}
| Design       : cnn_accelerator_top
| Device       : xc7a100tcsg324-1
| Speed File   : -1
| Design State : Synthesized
-------------------------------------------------------------------------------------------------------------------------------------------------------------------

Utilization Design Information

Table of Contents
-----------------
1. Utilization by Hierarchy

1. Utilization by Hierarchy
---------------------------

+-------------------------------------------------+-------------------------------------------+------------+------------+---------+------+-------+--------+--------+------------+
|                     Instance                    |                   Module                  | Total LUTs | Logic LUTs | LUTRAMs | SRLs |  FFs  | RAMB36 | RAMB18 | DSP Blocks |
+-------------------------------------------------+-------------------------------------------+------------+------------+---------+------+-------+--------+--------+------------+
| cnn_accelerator_top                             |                                     (top) |      28169 |      25561 |    2608 |    0 | 22465 |     30 |      0 |         36 |
|   (cnn_accelerator_top)                         |                                     (top) |          1 |          1 |       0 |    0 |     2 |      0 |      0 |          0 |
|   u_core                                        |                     axis_cnn_mnist_emnist |      28106 |      25498 |    2608 |    0 | 22447 |     30 |      0 |         36 |
|     (u_core)                                    |                     axis_cnn_mnist_emnist |         72 |         72 |       0 |    0 |    66 |      1 |      0 |          0 |
|     u_conv1_window                              |                             conv1_buf_new |        243 |        243 |       0 |    0 |   581 |      0 |      0 |          0 |
|       u_line_buf                                |                    line_buffer_model_ver3 |        204 |        204 |       0 |    0 |   458 |      0 |      0 |          0 |
|       u_win_gen                                 |                  window_generator_ver3_21 |         39 |         39 |       0 |    0 |   123 |      0 |      0 |          0 |
|     u_conv2_window                              |                             conv2_buf_new |       1359 |       1359 |       0 |    0 |  2712 |      0 |      0 |          0 |
|       g_depth_parallel_sliding[7].u_win_gen_ch  |                  window_generator_ver3_20 |         61 |         61 |       0 |    0 |   123 |      0 |      0 |          0 |
|       g_depth_parallel_sliding[0].u_line_buf_ch |    line_buffer_model_ver3__parameterized0 |        108 |        108 |       0 |    0 |   216 |      0 |      0 |          0 |
|       g_depth_parallel_sliding[0].u_win_gen_ch  |                     window_generator_ver3 |         61 |         61 |       0 |    0 |   123 |      0 |      0 |          0 |
|       g_depth_parallel_sliding[1].u_line_buf_ch |  line_buffer_model_ver3__parameterized0_7 |        108 |        108 |       0 |    0 |   216 |      0 |      0 |          0 |
|       g_depth_parallel_sliding[1].u_win_gen_ch  |                   window_generator_ver3_8 |         61 |         61 |       0 |    0 |   123 |      0 |      0 |          0 |
|       g_depth_parallel_sliding[2].u_line_buf_ch |  line_buffer_model_ver3__parameterized0_9 |        108 |        108 |       0 |    0 |   216 |      0 |      0 |          0 |
|       g_depth_parallel_sliding[2].u_win_gen_ch  |                  window_generator_ver3_10 |         67 |         67 |       0 |    0 |   123 |      0 |      0 |          0 |
|       g_depth_parallel_sliding[3].u_line_buf_ch | line_buffer_model_ver3__parameterized0_11 |        108 |        108 |       0 |    0 |   216 |      0 |      0 |          0 |
|       g_depth_parallel_sliding[3].u_win_gen_ch  |                  window_generator_ver3_12 |         61 |         61 |       0 |    0 |   123 |      0 |      0 |          0 |
|       g_depth_parallel_sliding[4].u_line_buf_ch | line_buffer_model_ver3__parameterized0_13 |        108 |        108 |       0 |    0 |   216 |      0 |      0 |          0 |
|       g_depth_parallel_sliding[4].u_win_gen_ch  |                  window_generator_ver3_14 |         61 |         61 |       0 |    0 |   123 |      0 |      0 |          0 |
|       g_depth_parallel_sliding[5].u_line_buf_ch | line_buffer_model_ver3__parameterized0_15 |        108 |        108 |       0 |    0 |   216 |      0 |      0 |          0 |
|       g_depth_parallel_sliding[5].u_win_gen_ch  |                  window_generator_ver3_16 |         61 |         61 |       0 |    0 |   123 |      0 |      0 |          0 |
|       g_depth_parallel_sliding[6].u_line_buf_ch | line_buffer_model_ver3__parameterized0_17 |        108 |        108 |       0 |    0 |   216 |      0 |      0 |          0 |
|       g_depth_parallel_sliding[6].u_win_gen_ch  |                  window_generator_ver3_18 |         61 |         61 |       0 |    0 |   123 |      0 |      0 |          0 |
|       g_depth_parallel_sliding[7].u_line_buf_ch | line_buffer_model_ver3__parameterized0_19 |        107 |        107 |       0 |    0 |   216 |      0 |      0 |          0 |
|     u_fc                                        |                                 fc_stream |       4916 |       2756 |    2160 |    0 |   490 |     29 |      0 |          4 |
|     u_pool1                                     |                              maxpool_relu |        476 |        476 |       0 |    0 |   961 |      0 |      0 |          0 |
|     u_pool2                                     |              maxpool_relu__parameterized0 |        734 |        734 |       0 |    0 |  1219 |      0 |      0 |          0 |
|     u_shared_conv                               |                     ws_conv_shared_engine |      20402 |      19954 |     448 |    0 | 16418 |      0 |      0 |         32 |
|       (u_shared_conv)                           |                     ws_conv_shared_engine |      15584 |      15136 |     448 |    0 | 16418 |      0 |      0 |          0 |
|       g_requant_lane[0].u_requant               |                      requantize_relu_lane |        599 |        599 |       0 |    0 |     0 |      0 |      0 |          4 |
|       g_requant_lane[1].u_requant               |                    requantize_relu_lane_0 |        599 |        599 |       0 |    0 |     0 |      0 |      0 |          4 |
|       g_requant_lane[2].u_requant               |                    requantize_relu_lane_1 |        600 |        600 |       0 |    0 |     0 |      0 |      0 |          4 |
|       g_requant_lane[3].u_requant               |                    requantize_relu_lane_2 |        599 |        599 |       0 |    0 |     0 |      0 |      0 |          4 |
|       g_requant_lane[4].u_requant               |                    requantize_relu_lane_3 |        602 |        602 |       0 |    0 |     0 |      0 |      0 |          4 |
|       g_requant_lane[5].u_requant               |                    requantize_relu_lane_4 |        599 |        599 |       0 |    0 |     0 |      0 |      0 |          4 |
|       g_requant_lane[6].u_requant               |                    requantize_relu_lane_5 |        613 |        613 |       0 |    0 |     0 |      0 |      0 |          4 |
|       g_requant_lane[7].u_requant               |                    requantize_relu_lane_6 |        607 |        607 |       0 |    0 |     0 |      0 |      0 |          4 |
|   u_scheduler                                   |                             cnn_scheduler |         62 |         62 |       0 |    0 |    16 |      0 |      0 |          0 |
+-------------------------------------------------+-------------------------------------------+------------+------------+---------+------+-------+--------+--------+------------+


