#-----------------------------------------------------------
# Vivado v2025.1 (64-bit)
# SW Build 6140274 on Thu May 22 00:12:29 MDT 2025
# IP Build 6138677 on Thu May 22 03:10:11 MDT 2025
# SharedData Build 6139179 on Tue May 20 17:58:58 MDT 2025
# Start of session at: Tue Aug 11 16:47:14 2026
# Process ID         : 15972
# Current directory  : D:/THUC TAP/so_sanh_9_8/cnn_ver5/cnn_ver3/cnn_pe_ver1
# Command line       : vivado.exe -mode batch -source run_ver5_synth_sanity.tcl
# Log file           : D:/THUC TAP/so_sanh_9_8/cnn_ver5/cnn_ver3/cnn_pe_ver1/vivado.log
# Journal file       : D:/THUC TAP/so_sanh_9_8/cnn_ver5/cnn_ver3/cnn_pe_ver1\vivado.jou
# Running On         : DESKTOP-EG6CLME
# Platform           : Windows Server 2016 or Windows 10
# Operating System   : 26200
# Processor Detail   : 11th Gen Intel(R) Core(TM) i3-1115G4 @ 3.00GHz
# CPU Frequency      : 2995 MHz
# CPU Physical cores : 2
# CPU Logical cores  : 4
# Host memory        : 16893 MB
# Swap memory        : 1946 MB
# Total Virtual      : 18839 MB
# Available Virtual  : 3982 MB
#-----------------------------------------------------------
source run_ver5_synth_sanity.tcl
# set script_dir [file normalize [file dirname [info script]]]
# set rtl_dir [file join $script_dir cnn_pe_ver1.srcs sources_1 new]
# set report_dir [file join $script_dir ver5_reports]
# set sanity_part xc7a100tcsg324-1
# file mkdir $report_dir
# create_project -in_memory -part $sanity_part
create_project: Time (s): cpu = 00:00:07 ; elapsed = 00:00:09 . Memory (MB): peak = 604.105 ; gain = 212.211
# set_property target_language Verilog [current_project]
# set rtl_files [lsort [glob -nocomplain [file join $rtl_dir *.v]]]
# if {[llength $rtl_files] == 0} {
#     error "No Verilog sources found in $rtl_dir"
# }
# read_verilog $rtl_files
# synth_design -top cnn_accelerator_top -part $sanity_part \
#     -mode out_of_context -flatten_hierarchy rebuilt
Command: synth_design -top cnn_accelerator_top -part xc7a100tcsg324-1 -mode out_of_context -flatten_hierarchy rebuilt
Starting synth_design
Attempting to get a license for feature 'Synthesis' and/or device 'xc7a100t'
INFO: [Common 17-349] Got license for feature 'Synthesis' and/or device 'xc7a100t'
INFO: [Synth 8-7079] Multithreading enabled for synth_design using a maximum of 2 processes.
INFO: [Synth 8-7078] Launching helper process for spawning children vivado processes
INFO: [Synth 8-7075] Helper process launched with PID 12140
---------------------------------------------------------------------------------
Starting Synthesize : Time (s): cpu = 00:00:05 ; elapsed = 00:00:09 . Memory (MB): peak = 1108.520 ; gain = 501.477
---------------------------------------------------------------------------------
INFO: [Synth 8-6157] synthesizing module 'cnn_accelerator_top' [D:/THUC TAP/so_sanh_9_8/cnn_ver5/cnn_ver3/cnn_pe_ver1/cnn_pe_ver1.srcs/sources_1/new/cnn_accelerator_top.v:13]
INFO: [Synth 8-6157] synthesizing module 'cnn_scheduler' [D:/THUC TAP/so_sanh_9_8/cnn_ver5/cnn_ver3/cnn_pe_ver1/cnn_pe_ver1.srcs/sources_1/new/cnn_scheduler.v:3]
INFO: [Synth 8-6155] done synthesizing module 'cnn_scheduler' (0#1) [D:/THUC TAP/so_sanh_9_8/cnn_ver5/cnn_ver3/cnn_pe_ver1/cnn_pe_ver1.srcs/sources_1/new/cnn_scheduler.v:3]
INFO: [Synth 8-6157] synthesizing module 'axis_cnn_mnist_emnist' [D:/THUC TAP/so_sanh_9_8/cnn_ver5/cnn_ver3/cnn_pe_ver1/cnn_pe_ver1.srcs/sources_1/new/axis_cnn_mnist_emnist.v:18]
INFO: [Synth 8-6157] synthesizing module 'conv1_buf_new' [D:/THUC TAP/so_sanh_9_8/cnn_ver5/cnn_ver3/cnn_pe_ver1/cnn_pe_ver1.srcs/sources_1/new/conv1_buf_new.v:8]
INFO: [Synth 8-6157] synthesizing module 'line_buffer_model_ver3' [D:/THUC TAP/so_sanh_9_8/cnn_ver5/cnn_ver3/cnn_pe_ver1/cnn_pe_ver1.srcs/sources_1/new/line_buffer_model_ver3.v:10]
	Parameter DATA_WIDTH bound to: 8 - type: integer 
	Parameter IMG_WIDTH bound to: 28 - type: integer 
	Parameter IMG_HEIGHT bound to: 28 - type: integer 
	Parameter C_IN bound to: 1 - type: integer 
INFO: [Synth 8-6155] done synthesizing module 'line_buffer_model_ver3' (0#1) [D:/THUC TAP/so_sanh_9_8/cnn_ver5/cnn_ver3/cnn_pe_ver1/cnn_pe_ver1.srcs/sources_1/new/line_buffer_model_ver3.v:10]
INFO: [Synth 8-6157] synthesizing module 'window_generator_ver3' [D:/THUC TAP/so_sanh_9_8/cnn_ver5/cnn_ver3/cnn_pe_ver1/cnn_pe_ver1.srcs/sources_1/new/window_generate_ver3.v:10]
	Parameter DATA_WIDTH bound to: 8 - type: integer 
INFO: [Synth 8-6155] done synthesizing module 'window_generator_ver3' (0#1) [D:/THUC TAP/so_sanh_9_8/cnn_ver5/cnn_ver3/cnn_pe_ver1/cnn_pe_ver1.srcs/sources_1/new/window_generate_ver3.v:10]
INFO: [Synth 8-6155] done synthesizing module 'conv1_buf_new' (0#1) [D:/THUC TAP/so_sanh_9_8/cnn_ver5/cnn_ver3/cnn_pe_ver1/cnn_pe_ver1.srcs/sources_1/new/conv1_buf_new.v:8]
INFO: [Synth 8-6157] synthesizing module 'maxpool_relu' [D:/THUC TAP/so_sanh_9_8/cnn_ver5/cnn_ver3/cnn_pe_ver1/cnn_pe_ver1.srcs/sources_1/new/maxpool_relu.v:21]
	Parameter CH bound to: 8 - type: integer 
	Parameter DATA_BITS bound to: 8 - type: integer 
	Parameter WIDTH bound to: 26 - type: integer 
	Parameter HEIGHT bound to: 26 - type: integer 
INFO: [Synth 8-6155] done synthesizing module 'maxpool_relu' (0#1) [D:/THUC TAP/so_sanh_9_8/cnn_ver5/cnn_ver3/cnn_pe_ver1/cnn_pe_ver1.srcs/sources_1/new/maxpool_relu.v:21]
INFO: [Synth 8-6157] synthesizing module 'conv2_buf_new' [D:/THUC TAP/so_sanh_9_8/cnn_ver5/cnn_ver3/cnn_pe_ver1/cnn_pe_ver1.srcs/sources_1/new/conv2_buf_new.v:7]
	Parameter IN_CH bound to: 8 - type: integer 
INFO: [Synth 8-6157] synthesizing module 'line_buffer_model_ver3__parameterized0' [D:/THUC TAP/so_sanh_9_8/cnn_ver5/cnn_ver3/cnn_pe_ver1/cnn_pe_ver1.srcs/sources_1/new/line_buffer_model_ver3.v:10]
	Parameter DATA_WIDTH bound to: 8 - type: integer 
	Parameter IMG_WIDTH bound to: 13 - type: integer 
	Parameter IMG_HEIGHT bound to: 13 - type: integer 
	Parameter C_IN bound to: 1 - type: integer 
INFO: [Synth 8-6155] done synthesizing module 'line_buffer_model_ver3__parameterized0' (0#1) [D:/THUC TAP/so_sanh_9_8/cnn_ver5/cnn_ver3/cnn_pe_ver1/cnn_pe_ver1.srcs/sources_1/new/line_buffer_model_ver3.v:10]
INFO: [Synth 8-6155] done synthesizing module 'conv2_buf_new' (0#1) [D:/THUC TAP/so_sanh_9_8/cnn_ver5/cnn_ver3/cnn_pe_ver1/cnn_pe_ver1.srcs/sources_1/new/conv2_buf_new.v:7]
INFO: [Synth 8-6157] synthesizing module 'ws_conv_shared_engine' [D:/THUC TAP/so_sanh_9_8/cnn_ver5/cnn_ver3/cnn_pe_ver1/cnn_pe_ver1.srcs/sources_1/new/ws_conv_shared_engine.v:27]
INFO: [Synth 8-6157] synthesizing module 'ws_pe_lane_3x3' [D:/THUC TAP/so_sanh_9_8/cnn_ver5/cnn_ver3/cnn_pe_ver1/cnn_pe_ver1.srcs/sources_1/new/ws_pe_lane_3x3.v:17]
	Parameter DATA_BITS bound to: 8 - type: integer 
INFO: [Synth 8-6155] done synthesizing module 'ws_pe_lane_3x3' (0#1) [D:/THUC TAP/so_sanh_9_8/cnn_ver5/cnn_ver3/cnn_pe_ver1/cnn_pe_ver1.srcs/sources_1/new/ws_pe_lane_3x3.v:17]
INFO: [Synth 8-6157] synthesizing module 'requantize_relu_lane' [D:/THUC TAP/so_sanh_9_8/cnn_ver5/cnn_ver3/cnn_pe_ver1/cnn_pe_ver1.srcs/sources_1/new/requantize_relu_lane.v:10]
	Parameter DATA_BITS bound to: 8 - type: integer 
INFO: [Synth 8-6155] done synthesizing module 'requantize_relu_lane' (0#1) [D:/THUC TAP/so_sanh_9_8/cnn_ver5/cnn_ver3/cnn_pe_ver1/cnn_pe_ver1.srcs/sources_1/new/requantize_relu_lane.v:10]
INFO: [Synth 8-6155] done synthesizing module 'ws_conv_shared_engine' (0#1) [D:/THUC TAP/so_sanh_9_8/cnn_ver5/cnn_ver3/cnn_pe_ver1/cnn_pe_ver1.srcs/sources_1/new/ws_conv_shared_engine.v:27]
INFO: [Synth 8-6157] synthesizing module 'maxpool_relu__parameterized0' [D:/THUC TAP/so_sanh_9_8/cnn_ver5/cnn_ver3/cnn_pe_ver1/cnn_pe_ver1.srcs/sources_1/new/maxpool_relu.v:21]
	Parameter CH bound to: 24 - type: integer 
	Parameter DATA_BITS bound to: 8 - type: integer 
	Parameter WIDTH bound to: 11 - type: integer 
	Parameter HEIGHT bound to: 11 - type: integer 
INFO: [Synth 8-6155] done synthesizing module 'maxpool_relu__parameterized0' (0#1) [D:/THUC TAP/so_sanh_9_8/cnn_ver5/cnn_ver3/cnn_pe_ver1/cnn_pe_ver1.srcs/sources_1/new/maxpool_relu.v:21]
INFO: [Synth 8-6157] synthesizing module 'fc_stream' [D:/THUC TAP/so_sanh_9_8/cnn_ver5/cnn_ver3/cnn_pe_ver1/cnn_pe_ver1.srcs/sources_1/new/fc_stream.v:22]
INFO: [Synth 8-6155] done synthesizing module 'fc_stream' (0#1) [D:/THUC TAP/so_sanh_9_8/cnn_ver5/cnn_ver3/cnn_pe_ver1/cnn_pe_ver1.srcs/sources_1/new/fc_stream.v:22]
INFO: [Synth 8-6155] done synthesizing module 'axis_cnn_mnist_emnist' (0#1) [D:/THUC TAP/so_sanh_9_8/cnn_ver5/cnn_ver3/cnn_pe_ver1/cnn_pe_ver1.srcs/sources_1/new/axis_cnn_mnist_emnist.v:18]
INFO: [Synth 8-6155] done synthesizing module 'cnn_accelerator_top' (0#1) [D:/THUC TAP/so_sanh_9_8/cnn_ver5/cnn_ver3/cnn_pe_ver1/cnn_pe_ver1.srcs/sources_1/new/cnn_accelerator_top.v:13]
WARNING: [Synth 8-6014] Unused sequential element fc3_logits_reg was removed. 
---------------------------------------------------------------------------------
Finished Synthesize : Time (s): cpu = 00:00:12 ; elapsed = 00:00:20 . Memory (MB): peak = 1599.855 ; gain = 992.812
---------------------------------------------------------------------------------
---------------------------------------------------------------------------------
Finished Constraint Validation : Time (s): cpu = 00:00:14 ; elapsed = 00:00:22 . Memory (MB): peak = 1599.855 ; gain = 992.812
---------------------------------------------------------------------------------
---------------------------------------------------------------------------------
Start Loading Part and Timing Information
---------------------------------------------------------------------------------
Loading part: xc7a100tcsg324-1
INFO: [Device 21-403] Loading part xc7a100tcsg324-1
---------------------------------------------------------------------------------
Finished Loading Part and Timing Information : Time (s): cpu = 00:00:14 ; elapsed = 00:00:22 . Memory (MB): peak = 1599.855 ; gain = 992.812
---------------------------------------------------------------------------------
INFO: [Synth 8-802] inferred FSM for state register 'current_state_reg' in module 'cnn_scheduler'
INFO: [Synth 8-802] inferred FSM for state register 'state_reg' in module 'fc_stream'
---------------------------------------------------------------------------------------------------
                   State |                     New Encoding |                Previous Encoding 
---------------------------------------------------------------------------------------------------
            WAIT_WEIGHTS |                   00000000010000 |                             1101
                    IDLE |                   00000000100000 |                             0000
               CONV1_DMA |                   00000100000000 |                             0001
          CONV1_WAIT_DMA |                   00000001000000 |                             0010
               CONV1_RUN |                   00000000000001 |                             0011
         CONV1_WAIT_DONE |                   00000000001000 |                             0100
               CONV2_DMA |                   00000000000010 |                             0101
          CONV2_WAIT_DMA |                   10000000000000 |                             0110
               CONV2_RUN |                   00100000000000 |                             0111
         CONV2_WAIT_DONE |                   01000000000000 |                             1000
                  FC_RUN |                   00010000000000 |                             1001
            FC_WAIT_DONE |                   00001000000000 |                             1010
                  FINISH |                   00000010000000 |                             1011
             ERROR_STATE |                   00000000000100 |                             1100
---------------------------------------------------------------------------------------------------
INFO: [Synth 8-3354] encoded FSM with state register 'current_state_reg' using encoding 'one-hot' in module 'cnn_scheduler'
---------------------------------------------------------------------------------------------------
                   State |                     New Encoding |                Previous Encoding 
---------------------------------------------------------------------------------------------------
                 ST_IDLE |                        000010000 |                             0000
              ST_COLLECT |                        000100000 |                             0001
           ST_WAIT_START |                        000001000 |                             0010
           ST_GROUP_INIT |                        000000001 |                             0011
                ST_PRIME |                        000000010 |                             0100
                  ST_MAC |                        000000100 |                             0101
           ST_FC3_RETIRE |                        100000000 |                             1000
                ST_QUANT |                        010000000 |                             0110
              ST_Q_DRAIN |                        001000000 |                             0111
---------------------------------------------------------------------------------------------------
INFO: [Synth 8-3354] encoded FSM with state register 'state_reg' using encoding 'one-hot' in module 'fc_stream'
---------------------------------------------------------------------------------
Finished RTL Optimization Phase 2 : Time (s): cpu = 00:00:22 ; elapsed = 00:00:30 . Memory (MB): peak = 1599.855 ; gain = 992.812
---------------------------------------------------------------------------------
No constraint files found.
---------------------------------------------------------------------------------
Start RTL Component Statistics 
---------------------------------------------------------------------------------
Detailed RTL Component Info : 
+---Adders : 
	   2 Input   64 Bit       Adders := 9     
	   2 Input   32 Bit       Adders := 28    
	   7 Input   22 Bit       Adders := 1     
	   2 Input   14 Bit       Adders := 3     
	   2 Input   12 Bit       Adders := 3     
	   2 Input   10 Bit       Adders := 3     
	   2 Input    8 Bit       Adders := 11    
	   3 Input    7 Bit       Adders := 1     
	   2 Input    7 Bit       Adders := 5     
	   3 Input    5 Bit       Adders := 1     
	   2 Input    5 Bit       Adders := 5     
	   4 Input    4 Bit       Adders := 1     
	   2 Input    4 Bit       Adders := 18    
	   2 Input    3 Bit       Adders := 1     
	   2 Input    2 Bit       Adders := 10    
	   2 Input    1 Bit       Adders := 9     
+---Registers : 
	              576 Bit    Registers := 1     
	               72 Bit    Registers := 9     
	               64 Bit    Registers := 4     
	               32 Bit    Registers := 41    
	               14 Bit    Registers := 2     
	               11 Bit    Registers := 1     
	               10 Bit    Registers := 2     
	                8 Bit    Registers := 2442  
	                7 Bit    Registers := 4     
	                6 Bit    Registers := 2     
	                5 Bit    Registers := 6     
	                4 Bit    Registers := 18    
	                3 Bit    Registers := 1     
	                2 Bit    Registers := 13    
	                1 Bit    Registers := 49    
+---Multipliers : 
	              32x32  Multipliers := 9     
+---RAMs : 
	              82K Bit	(1320 X 64 bit)          RAMs := 1     
	              31K Bit	(504 X 64 bit)          RAMs := 1     
	              23K Bit	(3000 X 8 bit)          RAMs := 24    
	              10K Bit	(169 X 64 bit)          RAMs := 1     
	               3K Bit	(120 X 32 bit)          RAMs := 2     
	               2K Bit	(84 X 32 bit)          RAMs := 2     
	               1K Bit	(47 X 32 bit)          RAMs := 1     
	              960 Bit	(120 X 8 bit)          RAMs := 2     
	              768 Bit	(24 X 32 bit)          RAMs := 2     
	              672 Bit	(84 X 8 bit)          RAMs := 2     
	              200 Bit	(25 X 8 bit)          RAMs := 24    
	              192 Bit	(24 X 8 bit)          RAMs := 1     
+---Muxes : 
	   2 Input  576 Bit        Muxes := 1     
	   2 Input   72 Bit        Muxes := 18    
	   2 Input   64 Bit        Muxes := 38    
	   2 Input   32 Bit        Muxes := 74    
	   4 Input   32 Bit        Muxes := 8     
	   9 Input   32 Bit        Muxes := 8     
	   2 Input   14 Bit        Muxes := 24    
	   9 Input   14 Bit        Muxes := 2     
	  14 Input   14 Bit        Muxes := 1     
	   2 Input   13 Bit        Muxes := 1     
	   3 Input   12 Bit        Muxes := 1     
	   2 Input   10 Bit        Muxes := 4     
	   9 Input   10 Bit        Muxes := 2     
	   9 Input    9 Bit        Muxes := 1     
	   2 Input    9 Bit        Muxes := 2     
	   2 Input    8 Bit        Muxes := 314   
	  24 Input    8 Bit        Muxes := 1     
	   2 Input    7 Bit        Muxes := 4     
	   9 Input    7 Bit        Muxes := 1     
	   2 Input    6 Bit        Muxes := 2     
	   2 Input    5 Bit        Muxes := 7     
	   9 Input    5 Bit        Muxes := 2     
	   2 Input    4 Bit        Muxes := 33    
	   9 Input    4 Bit        Muxes := 2     
	   2 Input    3 Bit        Muxes := 2     
	   4 Input    3 Bit        Muxes := 1     
	   2 Input    2 Bit        Muxes := 25    
	   4 Input    2 Bit        Muxes := 2     
	   9 Input    2 Bit        Muxes := 2     
	   2 Input    1 Bit        Muxes := 1036  
	   5 Input    1 Bit        Muxes := 8     
	   4 Input    1 Bit        Muxes := 34    
	   9 Input    1 Bit        Muxes := 26    
	  14 Input    1 Bit        Muxes := 5     
---------------------------------------------------------------------------------
Finished RTL Component Statistics 
---------------------------------------------------------------------------------
---------------------------------------------------------------------------------
Start Part Resource Summary
---------------------------------------------------------------------------------
Part Resources:
DSPs: 240 (col length:80)
BRAMs: 270 (col length: RAMB18 80 RAMB36 40)
---------------------------------------------------------------------------------
Finished Part Resource Summary
---------------------------------------------------------------------------------
No constraint files found.
---------------------------------------------------------------------------------
Start Cross Boundary and Area Optimization
---------------------------------------------------------------------------------
WARNING: [Synth 8-7080] Parallel synthesis criteria is not met
DSP Report: Generating DSP product0, operation Mode is: A*B.
DSP Report: operator product0 is absorbed into DSP product0.
DSP Report: operator product0 is absorbed into DSP product0.
DSP Report: Generating DSP product0, operation Mode is: (PCIN>>17)+A*B.
DSP Report: operator product0 is absorbed into DSP product0.
DSP Report: operator product0 is absorbed into DSP product0.
DSP Report: Generating DSP product0, operation Mode is: A*B.
DSP Report: operator product0 is absorbed into DSP product0.
DSP Report: operator product0 is absorbed into DSP product0.
DSP Report: Generating DSP product0, operation Mode is: (PCIN>>17)+A*B.
DSP Report: operator product0 is absorbed into DSP product0.
DSP Report: operator product0 is absorbed into DSP product0.
DSP Report: Generating DSP product0, operation Mode is: A*B.
DSP Report: operator product0 is absorbed into DSP product0.
DSP Report: operator product0 is absorbed into DSP product0.
DSP Report: Generating DSP product0, operation Mode is: (PCIN>>17)+A*B.
DSP Report: operator product0 is absorbed into DSP product0.
DSP Report: operator product0 is absorbed into DSP product0.
DSP Report: Generating DSP product0, operation Mode is: A*B.
DSP Report: operator product0 is absorbed into DSP product0.
DSP Report: operator product0 is absorbed into DSP product0.
DSP Report: Generating DSP product0, operation Mode is: (PCIN>>17)+A*B.
DSP Report: operator product0 is absorbed into DSP product0.
DSP Report: operator product0 is absorbed into DSP product0.
DSP Report: Generating DSP product0, operation Mode is: A*B.
DSP Report: operator product0 is absorbed into DSP product0.
DSP Report: operator product0 is absorbed into DSP product0.
DSP Report: Generating DSP product0, operation Mode is: (PCIN>>17)+A*B.
DSP Report: operator product0 is absorbed into DSP product0.
DSP Report: operator product0 is absorbed into DSP product0.
DSP Report: Generating DSP product0, operation Mode is: A*B.
DSP Report: operator product0 is absorbed into DSP product0.
DSP Report: operator product0 is absorbed into DSP product0.
DSP Report: Generating DSP product0, operation Mode is: (PCIN>>17)+A*B.
DSP Report: operator product0 is absorbed into DSP product0.
DSP Report: operator product0 is absorbed into DSP product0.
DSP Report: Generating DSP product0, operation Mode is: A*B.
DSP Report: operator product0 is absorbed into DSP product0.
DSP Report: operator product0 is absorbed into DSP product0.
DSP Report: Generating DSP product0, operation Mode is: (PCIN>>17)+A*B.
DSP Report: operator product0 is absorbed into DSP product0.
DSP Report: operator product0 is absorbed into DSP product0.
DSP Report: Generating DSP product0, operation Mode is: A*B.
DSP Report: operator product0 is absorbed into DSP product0.
DSP Report: operator product0 is absorbed into DSP product0.
DSP Report: Generating DSP product0, operation Mode is: (PCIN>>17)+A*B.
DSP Report: operator product0 is absorbed into DSP product0.
DSP Report: operator product0 is absorbed into DSP product0.
DSP Report: Generating DSP product0, operation Mode is: A*B.
DSP Report: operator product0 is absorbed into DSP product0.
DSP Report: operator product0 is absorbed into DSP product0.
DSP Report: Generating DSP product0, operation Mode is: (PCIN>>17)+A*B.
DSP Report: operator product0 is absorbed into DSP product0.
DSP Report: operator product0 is absorbed into DSP product0.
DSP Report: Generating DSP product0, operation Mode is: A*B.
DSP Report: operator product0 is absorbed into DSP product0.
DSP Report: operator product0 is absorbed into DSP product0.
DSP Report: Generating DSP product0, operation Mode is: (PCIN>>17)+A*B.
DSP Report: operator product0 is absorbed into DSP product0.
DSP Report: operator product0 is absorbed into DSP product0.
DSP Report: Generating DSP product0, operation Mode is: A*B.
DSP Report: operator product0 is absorbed into DSP product0.
DSP Report: operator product0 is absorbed into DSP product0.
DSP Report: Generating DSP product0, operation Mode is: (PCIN>>17)+A*B.
DSP Report: operator product0 is absorbed into DSP product0.
DSP Report: operator product0 is absorbed into DSP product0.
DSP Report: Generating DSP product0, operation Mode is: A*B.
DSP Report: operator product0 is absorbed into DSP product0.
DSP Report: operator product0 is absorbed into DSP product0.
DSP Report: Generating DSP product0, operation Mode is: (PCIN>>17)+A*B.
DSP Report: operator product0 is absorbed into DSP product0.
DSP Report: operator product0 is absorbed into DSP product0.
DSP Report: Generating DSP product0, operation Mode is: A*B.
DSP Report: operator product0 is absorbed into DSP product0.
DSP Report: operator product0 is absorbed into DSP product0.
DSP Report: Generating DSP product0, operation Mode is: (PCIN>>17)+A*B.
DSP Report: operator product0 is absorbed into DSP product0.
DSP Report: operator product0 is absorbed into DSP product0.
DSP Report: Generating DSP product0, operation Mode is: A*B.
DSP Report: operator product0 is absorbed into DSP product0.
DSP Report: operator product0 is absorbed into DSP product0.
DSP Report: Generating DSP product0, operation Mode is: (PCIN>>17)+A*B.
DSP Report: operator product0 is absorbed into DSP product0.
DSP Report: operator product0 is absorbed into DSP product0.
DSP Report: Generating DSP product0, operation Mode is: A*B.
DSP Report: operator product0 is absorbed into DSP product0.
DSP Report: operator product0 is absorbed into DSP product0.
DSP Report: Generating DSP product0, operation Mode is: (PCIN>>17)+A*B.
DSP Report: operator product0 is absorbed into DSP product0.
DSP Report: operator product0 is absorbed into DSP product0.
DSP Report: Generating DSP product0, operation Mode is: A*B.
DSP Report: operator product0 is absorbed into DSP product0.
DSP Report: operator product0 is absorbed into DSP product0.
DSP Report: Generating DSP product0, operation Mode is: (PCIN>>17)+A*B.
DSP Report: operator product0 is absorbed into DSP product0.
DSP Report: operator product0 is absorbed into DSP product0.
DSP Report: Generating DSP quant_product0, operation Mode is: A*B.
DSP Report: operator quant_product0 is absorbed into DSP quant_product0.
DSP Report: operator quant_product0 is absorbed into DSP quant_product0.
DSP Report: Generating DSP quant_product0, operation Mode is: (PCIN>>17)+A*B.
DSP Report: operator quant_product0 is absorbed into DSP quant_product0.
DSP Report: operator quant_product0 is absorbed into DSP quant_product0.
DSP Report: Generating DSP quant_product0, operation Mode is: A*B.
DSP Report: operator quant_product0 is absorbed into DSP quant_product0.
DSP Report: operator quant_product0 is absorbed into DSP quant_product0.
DSP Report: Generating DSP quant_product0, operation Mode is: (PCIN>>17)+A*B.
DSP Report: operator quant_product0 is absorbed into DSP quant_product0.
DSP Report: operator quant_product0 is absorbed into DSP quant_product0.
WARNING: [Synth 8-3332] Sequential element (quant_product_reg[47]) is unused and will be removed from module fc_stream.
WARNING: [Synth 8-3332] Sequential element (quant_product_reg[46]) is unused and will be removed from module fc_stream.
WARNING: [Synth 8-3332] Sequential element (quant_product_reg[45]) is unused and will be removed from module fc_stream.
WARNING: [Synth 8-3332] Sequential element (quant_product_reg[44]) is unused and will be removed from module fc_stream.
WARNING: [Synth 8-3332] Sequential element (quant_product_reg[43]) is unused and will be removed from module fc_stream.
WARNING: [Synth 8-3332] Sequential element (quant_product_reg[42]) is unused and will be removed from module fc_stream.
WARNING: [Synth 8-3332] Sequential element (quant_product_reg[41]) is unused and will be removed from module fc_stream.
WARNING: [Synth 8-3332] Sequential element (quant_product_reg[40]) is unused and will be removed from module fc_stream.
WARNING: [Synth 8-3332] Sequential element (quant_product_reg[39]) is unused and will be removed from module fc_stream.
WARNING: [Synth 8-3332] Sequential element (quant_product_reg[38]) is unused and will be removed from module fc_stream.
WARNING: [Synth 8-3332] Sequential element (quant_product_reg[37]) is unused and will be removed from module fc_stream.
WARNING: [Synth 8-3332] Sequential element (quant_product_reg[36]) is unused and will be removed from module fc_stream.
WARNING: [Synth 8-3332] Sequential element (quant_product_reg[35]) is unused and will be removed from module fc_stream.
WARNING: [Synth 8-3332] Sequential element (quant_product_reg[34]) is unused and will be removed from module fc_stream.
WARNING: [Synth 8-3332] Sequential element (quant_product_reg[33]) is unused and will be removed from module fc_stream.
WARNING: [Synth 8-3332] Sequential element (quant_product_reg[32]) is unused and will be removed from module fc_stream.
WARNING: [Synth 8-3332] Sequential element (quant_product_reg[31]) is unused and will be removed from module fc_stream.
WARNING: [Synth 8-3332] Sequential element (quant_product_reg[30]) is unused and will be removed from module fc_stream.
WARNING: [Synth 8-3332] Sequential element (quant_product_reg[29]) is unused and will be removed from module fc_stream.
WARNING: [Synth 8-3332] Sequential element (quant_product_reg[28]) is unused and will be removed from module fc_stream.
WARNING: [Synth 8-3332] Sequential element (quant_product_reg[27]) is unused and will be removed from module fc_stream.
WARNING: [Synth 8-3332] Sequential element (quant_product_reg[26]) is unused and will be removed from module fc_stream.
WARNING: [Synth 8-3332] Sequential element (quant_product_reg[25]) is unused and will be removed from module fc_stream.
WARNING: [Synth 8-3332] Sequential element (quant_product_reg[24]) is unused and will be removed from module fc_stream.
WARNING: [Synth 8-3332] Sequential element (quant_product_reg[23]) is unused and will be removed from module fc_stream.
WARNING: [Synth 8-3332] Sequential element (quant_product_reg[22]) is unused and will be removed from module fc_stream.
WARNING: [Synth 8-3332] Sequential element (quant_product_reg[21]) is unused and will be removed from module fc_stream.
WARNING: [Synth 8-3332] Sequential element (quant_product_reg[20]) is unused and will be removed from module fc_stream.
WARNING: [Synth 8-3332] Sequential element (quant_product_reg[19]) is unused and will be removed from module fc_stream.
WARNING: [Synth 8-3332] Sequential element (quant_product_reg[18]) is unused and will be removed from module fc_stream.
WARNING: [Synth 8-3332] Sequential element (quant_product_reg[17]) is unused and will be removed from module fc_stream.
WARNING: [Synth 8-3332] Sequential element (quant_product_reg[47]__0) is unused and will be removed from module fc_stream.
WARNING: [Synth 8-3332] Sequential element (quant_product_reg[46]__0) is unused and will be removed from module fc_stream.
WARNING: [Synth 8-3332] Sequential element (quant_product_reg[45]__0) is unused and will be removed from module fc_stream.
WARNING: [Synth 8-3332] Sequential element (quant_product_reg[44]__0) is unused and will be removed from module fc_stream.
WARNING: [Synth 8-3332] Sequential element (quant_product_reg[43]__0) is unused and will be removed from module fc_stream.
WARNING: [Synth 8-3332] Sequential element (quant_product_reg[42]__0) is unused and will be removed from module fc_stream.
WARNING: [Synth 8-3332] Sequential element (quant_product_reg[41]__0) is unused and will be removed from module fc_stream.
WARNING: [Synth 8-3332] Sequential element (quant_product_reg[40]__0) is unused and will be removed from module fc_stream.
WARNING: [Synth 8-3332] Sequential element (quant_product_reg[39]__0) is unused and will be removed from module fc_stream.
WARNING: [Synth 8-3332] Sequential element (quant_product_reg[38]__0) is unused and will be removed from module fc_stream.
WARNING: [Synth 8-3332] Sequential element (quant_product_reg[37]__0) is unused and will be removed from module fc_stream.
WARNING: [Synth 8-3332] Sequential element (quant_product_reg[36]__0) is unused and will be removed from module fc_stream.
WARNING: [Synth 8-3332] Sequential element (quant_product_reg[35]__0) is unused and will be removed from module fc_stream.
WARNING: [Synth 8-3332] Sequential element (quant_product_reg[34]__0) is unused and will be removed from module fc_stream.
WARNING: [Synth 8-3332] Sequential element (quant_product_reg[33]__0) is unused and will be removed from module fc_stream.
WARNING: [Synth 8-3332] Sequential element (quant_product_reg[32]__0) is unused and will be removed from module fc_stream.
WARNING: [Synth 8-3332] Sequential element (quant_product_reg[31]__0) is unused and will be removed from module fc_stream.
WARNING: [Synth 8-3332] Sequential element (quant_product_reg[30]__0) is unused and will be removed from module fc_stream.
WARNING: [Synth 8-3332] Sequential element (quant_product_reg[47]__1) is unused and will be removed from module fc_stream.
WARNING: [Synth 8-3332] Sequential element (quant_product_reg[46]__1) is unused and will be removed from module fc_stream.
WARNING: [Synth 8-3332] Sequential element (quant_product_reg[45]__1) is unused and will be removed from module fc_stream.
WARNING: [Synth 8-3332] Sequential element (quant_product_reg[44]__1) is unused and will be removed from module fc_stream.
WARNING: [Synth 8-3332] Sequential element (quant_product_reg[43]__1) is unused and will be removed from module fc_stream.
WARNING: [Synth 8-3332] Sequential element (quant_product_reg[42]__1) is unused and will be removed from module fc_stream.
WARNING: [Synth 8-3332] Sequential element (quant_product_reg[41]__1) is unused and will be removed from module fc_stream.
WARNING: [Synth 8-3332] Sequential element (quant_product_reg[40]__1) is unused and will be removed from module fc_stream.
WARNING: [Synth 8-3332] Sequential element (quant_product_reg[39]__1) is unused and will be removed from module fc_stream.
WARNING: [Synth 8-3332] Sequential element (quant_product_reg[38]__1) is unused and will be removed from module fc_stream.
WARNING: [Synth 8-3332] Sequential element (quant_product_reg[37]__1) is unused and will be removed from module fc_stream.
WARNING: [Synth 8-3332] Sequential element (quant_product_reg[36]__1) is unused and will be removed from module fc_stream.
WARNING: [Synth 8-3332] Sequential element (quant_product_reg[35]__1) is unused and will be removed from module fc_stream.
WARNING: [Synth 8-3332] Sequential element (quant_product_reg[34]__1) is unused and will be removed from module fc_stream.
WARNING: [Synth 8-3332] Sequential element (quant_product_reg[33]__1) is unused and will be removed from module fc_stream.
WARNING: [Synth 8-3332] Sequential element (quant_product_reg[32]__1) is unused and will be removed from module fc_stream.
WARNING: [Synth 8-3332] Sequential element (quant_product_reg[31]__1) is unused and will be removed from module fc_stream.
WARNING: [Synth 8-3332] Sequential element (quant_product_reg[30]__1) is unused and will be removed from module fc_stream.
WARNING: [Synth 8-3332] Sequential element (quant_product_reg[29]__1) is unused and will be removed from module fc_stream.
WARNING: [Synth 8-3332] Sequential element (quant_product_reg[28]__1) is unused and will be removed from module fc_stream.
WARNING: [Synth 8-3332] Sequential element (quant_product_reg[27]__1) is unused and will be removed from module fc_stream.
WARNING: [Synth 8-3332] Sequential element (quant_product_reg[26]__1) is unused and will be removed from module fc_stream.
WARNING: [Synth 8-3332] Sequential element (quant_product_reg[25]__1) is unused and will be removed from module fc_stream.
WARNING: [Synth 8-3332] Sequential element (quant_product_reg[24]__1) is unused and will be removed from module fc_stream.
WARNING: [Synth 8-3332] Sequential element (quant_product_reg[23]__1) is unused and will be removed from module fc_stream.
WARNING: [Synth 8-3332] Sequential element (quant_product_reg[22]__1) is unused and will be removed from module fc_stream.
WARNING: [Synth 8-3332] Sequential element (quant_product_reg[21]__1) is unused and will be removed from module fc_stream.
WARNING: [Synth 8-3332] Sequential element (quant_product_reg[20]__1) is unused and will be removed from module fc_stream.
WARNING: [Synth 8-3332] Sequential element (quant_product_reg[19]__1) is unused and will be removed from module fc_stream.
WARNING: [Synth 8-3332] Sequential element (quant_product_reg[18]__1) is unused and will be removed from module fc_stream.
WARNING: [Synth 8-3332] Sequential element (quant_product_reg[17]__1) is unused and will be removed from module fc_stream.
WARNING: [Synth 8-3332] Sequential element (quant_product_reg[47]__2) is unused and will be removed from module fc_stream.
---------------------------------------------------------------------------------
Finished Cross Boundary and Area Optimization : Time (s): cpu = 00:03:09 ; elapsed = 00:04:08 . Memory (MB): peak = 2323.164 ; gain = 1716.121
---------------------------------------------------------------------------------
 Sort Area is ws_conv_shared_engine__GB1 product0_0 : 0 0 : 3101 5754 : Used 1 time 0
 Sort Area is ws_conv_shared_engine__GB1 product0_0 : 0 1 : 2653 5754 : Used 1 time 0
 Sort Area is ws_conv_shared_engine__GB1 product0_10 : 0 0 : 3101 5754 : Used 1 time 0
 Sort Area is ws_conv_shared_engine__GB1 product0_10 : 0 1 : 2653 5754 : Used 1 time 0
 Sort Area is ws_conv_shared_engine__GB1 product0_12 : 0 0 : 3101 5754 : Used 1 time 0
 Sort Area is ws_conv_shared_engine__GB1 product0_12 : 0 1 : 2653 5754 : Used 1 time 0
 Sort Area is ws_conv_shared_engine__GB1 product0_6 : 0 0 : 3101 5754 : Used 1 time 0
 Sort Area is ws_conv_shared_engine__GB1 product0_6 : 0 1 : 2653 5754 : Used 1 time 0
 Sort Area is ws_conv_shared_engine__GB1 product0_8 : 0 0 : 3101 5754 : Used 1 time 0
 Sort Area is ws_conv_shared_engine__GB1 product0_8 : 0 1 : 2653 5754 : Used 1 time 0
 Sort Area is ws_conv_shared_engine__GB1 product0_a : 0 0 : 3101 5754 : Used 1 time 0
 Sort Area is ws_conv_shared_engine__GB1 product0_a : 0 1 : 2653 5754 : Used 1 time 0
 Sort Area is ws_conv_shared_engine__GB1 product0_c : 0 0 : 3101 5754 : Used 1 time 0
 Sort Area is ws_conv_shared_engine__GB1 product0_c : 0 1 : 2653 5754 : Used 1 time 0
 Sort Area is ws_conv_shared_engine__GB1 product0_e : 0 0 : 3101 5754 : Used 1 time 0
 Sort Area is ws_conv_shared_engine__GB1 product0_e : 0 1 : 2653 5754 : Used 1 time 0
 Sort Area is axis_cnn_mnist_emnist__GC0 quant_product0_14 : 0 0 : 3101 5754 : Used 1 time 0
 Sort Area is axis_cnn_mnist_emnist__GC0 quant_product0_14 : 0 1 : 2653 5754 : Used 1 time 0
 Sort Area is ws_conv_shared_engine__GB1 product0_11 : 0 0 : 2634 5119 : Used 1 time 0
 Sort Area is ws_conv_shared_engine__GB1 product0_11 : 0 1 : 2485 5119 : Used 1 time 0
 Sort Area is ws_conv_shared_engine__GB1 product0_13 : 0 0 : 2634 5119 : Used 1 time 0
 Sort Area is ws_conv_shared_engine__GB1 product0_13 : 0 1 : 2485 5119 : Used 1 time 0
 Sort Area is ws_conv_shared_engine__GB1 product0_3 : 0 0 : 2634 5119 : Used 1 time 0
 Sort Area is ws_conv_shared_engine__GB1 product0_3 : 0 1 : 2485 5119 : Used 1 time 0
 Sort Area is ws_conv_shared_engine__GB1 product0_7 : 0 0 : 2634 5119 : Used 1 time 0
 Sort Area is ws_conv_shared_engine__GB1 product0_7 : 0 1 : 2485 5119 : Used 1 time 0
 Sort Area is ws_conv_shared_engine__GB1 product0_9 : 0 0 : 2634 5119 : Used 1 time 0
 Sort Area is ws_conv_shared_engine__GB1 product0_9 : 0 1 : 2485 5119 : Used 1 time 0
 Sort Area is ws_conv_shared_engine__GB1 product0_b : 0 0 : 2634 5119 : Used 1 time 0
 Sort Area is ws_conv_shared_engine__GB1 product0_b : 0 1 : 2485 5119 : Used 1 time 0
 Sort Area is ws_conv_shared_engine__GB1 product0_d : 0 0 : 2634 5119 : Used 1 time 0
 Sort Area is ws_conv_shared_engine__GB1 product0_d : 0 1 : 2485 5119 : Used 1 time 0
 Sort Area is ws_conv_shared_engine__GB1 product0_f : 0 0 : 2634 5119 : Used 1 time 0
 Sort Area is ws_conv_shared_engine__GB1 product0_f : 0 1 : 2485 5119 : Used 1 time 0
 Sort Area is axis_cnn_mnist_emnist__GC0 quant_product0_15 : 0 0 : 2634 5119 : Used 1 time 0
 Sort Area is axis_cnn_mnist_emnist__GC0 quant_product0_15 : 0 1 : 2485 5119 : Used 1 time 0
---------------------------------------------------------------------------------
Start ROM, RAM, DSP, Shift Register and Retiming Reporting
---------------------------------------------------------------------------------

Block RAM: Preliminary Mapping Report (see note below)
+--------------------+----------------------------------------------------------------+------------------------+---+---+------------------------+---+---+------------------+--------+--------+
|Module Name         | RTL Object                                                     | PORT A (Depth x Width) | W | R | PORT B (Depth x Width) | W | R | Ports driving FF | RAMB18 | RAMB36 | 
+--------------------+----------------------------------------------------------------+------------------------+---+---+------------------------+---+---+------------------+--------+--------+
|u_fc                | gen_f1_kernel_lane[0].gen_depth_bank[1].f1_kernel_byte_mem_reg | 2 K x 8(READ_FIRST)    | W |   | 2 K x 8(WRITE_FIRST)   |   | R | Port A and B     | 0      | 1      | 
|u_fc                | gen_f1_kernel_lane[0].gen_depth_bank[0].f1_kernel_byte_mem_reg | 2 K x 8(READ_FIRST)    | W |   | 2 K x 8(WRITE_FIRST)   |   | R | Port A and B     | 0      | 1      | 
|u_fc                | gen_f1_kernel_lane[1].gen_depth_bank[1].f1_kernel_byte_mem_reg | 2 K x 8(READ_FIRST)    | W |   | 2 K x 8(WRITE_FIRST)   |   | R | Port A and B     | 0      | 1      | 
|u_fc                | gen_f1_kernel_lane[1].gen_depth_bank[0].f1_kernel_byte_mem_reg | 2 K x 8(READ_FIRST)    | W |   | 2 K x 8(WRITE_FIRST)   |   | R | Port A and B     | 0      | 1      | 
|u_fc                | gen_f1_kernel_lane[2].gen_depth_bank[1].f1_kernel_byte_mem_reg | 2 K x 8(READ_FIRST)    | W |   | 2 K x 8(WRITE_FIRST)   |   | R | Port A and B     | 0      | 1      | 
|u_fc                | gen_f1_kernel_lane[2].gen_depth_bank[0].f1_kernel_byte_mem_reg | 2 K x 8(READ_FIRST)    | W |   | 2 K x 8(WRITE_FIRST)   |   | R | Port A and B     | 0      | 1      | 
|u_fc                | gen_f1_kernel_lane[3].gen_depth_bank[1].f1_kernel_byte_mem_reg | 2 K x 8(READ_FIRST)    | W |   | 2 K x 8(WRITE_FIRST)   |   | R | Port A and B     | 0      | 1      | 
|u_fc                | gen_f1_kernel_lane[3].gen_depth_bank[0].f1_kernel_byte_mem_reg | 2 K x 8(READ_FIRST)    | W |   | 2 K x 8(WRITE_FIRST)   |   | R | Port A and B     | 0      | 1      | 
|u_fc                | gen_f1_kernel_lane[4].gen_depth_bank[1].f1_kernel_byte_mem_reg | 2 K x 8(READ_FIRST)    | W |   | 2 K x 8(WRITE_FIRST)   |   | R | Port A and B     | 0      | 1      | 
|u_fc                | gen_f1_kernel_lane[4].gen_depth_bank[0].f1_kernel_byte_mem_reg | 2 K x 8(READ_FIRST)    | W |   | 2 K x 8(WRITE_FIRST)   |   | R | Port A and B     | 0      | 1      | 
|u_fc                | gen_f1_kernel_lane[5].gen_depth_bank[1].f1_kernel_byte_mem_reg | 2 K x 8(READ_FIRST)    | W |   | 2 K x 8(WRITE_FIRST)   |   | R | Port A and B     | 0      | 1      | 
|u_fc                | gen_f1_kernel_lane[5].gen_depth_bank[0].f1_kernel_byte_mem_reg | 2 K x 8(READ_FIRST)    | W |   | 2 K x 8(WRITE_FIRST)   |   | R | Port A and B     | 0      | 1      | 
|u_fc                | gen_f1_kernel_lane[6].gen_depth_bank[1].f1_kernel_byte_mem_reg | 2 K x 8(READ_FIRST)    | W |   | 2 K x 8(WRITE_FIRST)   |   | R | Port A and B     | 0      | 1      | 
|u_fc                | gen_f1_kernel_lane[6].gen_depth_bank[0].f1_kernel_byte_mem_reg | 2 K x 8(READ_FIRST)    | W |   | 2 K x 8(WRITE_FIRST)   |   | R | Port A and B     | 0      | 1      | 
|u_fc                | gen_f1_kernel_lane[7].gen_depth_bank[1].f1_kernel_byte_mem_reg | 2 K x 8(READ_FIRST)    | W |   | 2 K x 8(WRITE_FIRST)   |   | R | Port A and B     | 0      | 1      | 
|u_fc                | gen_f1_kernel_lane[7].gen_depth_bank[0].f1_kernel_byte_mem_reg | 2 K x 8(READ_FIRST)    | W |   | 2 K x 8(WRITE_FIRST)   |   | R | Port A and B     | 0      | 1      | 
|u_fc                | gen_f1_kernel_lane[0].gen_depth_bank[2].f1_kernel_byte_mem_reg | 2 K x 8(READ_FIRST)    | W |   | 2 K x 8(WRITE_FIRST)   |   | R | Port A and B     | 0      | 1      | 
|u_fc                | gen_f1_kernel_lane[1].gen_depth_bank[2].f1_kernel_byte_mem_reg | 2 K x 8(READ_FIRST)    | W |   | 2 K x 8(WRITE_FIRST)   |   | R | Port A and B     | 0      | 1      | 
|u_fc                | gen_f1_kernel_lane[2].gen_depth_bank[2].f1_kernel_byte_mem_reg | 2 K x 8(READ_FIRST)    | W |   | 2 K x 8(WRITE_FIRST)   |   | R | Port A and B     | 0      | 1      | 
|u_fc                | gen_f1_kernel_lane[3].gen_depth_bank[2].f1_kernel_byte_mem_reg | 2 K x 8(READ_FIRST)    | W |   | 2 K x 8(WRITE_FIRST)   |   | R | Port A and B     | 0      | 1      | 
|u_fc                | gen_f1_kernel_lane[4].gen_depth_bank[2].f1_kernel_byte_mem_reg | 2 K x 8(READ_FIRST)    | W |   | 2 K x 8(WRITE_FIRST)   |   | R | Port A and B     | 0      | 1      | 
|u_fc                | gen_f1_kernel_lane[5].gen_depth_bank[2].f1_kernel_byte_mem_reg | 2 K x 8(READ_FIRST)    | W |   | 2 K x 8(WRITE_FIRST)   |   | R | Port A and B     | 0      | 1      | 
|u_fc                | gen_f1_kernel_lane[6].gen_depth_bank[2].f1_kernel_byte_mem_reg | 2 K x 8(READ_FIRST)    | W |   | 2 K x 8(WRITE_FIRST)   |   | R | Port A and B     | 0      | 1      | 
|u_fc                | gen_f1_kernel_lane[7].gen_depth_bank[2].f1_kernel_byte_mem_reg | 2 K x 8(READ_FIRST)    | W |   | 2 K x 8(WRITE_FIRST)   |   | R | Port A and B     | 0      | 1      | 
|u_fc                | f2_kernel_reg                                                  | 1 K x 64(READ_FIRST)   | W |   | 1 K x 64(WRITE_FIRST)  |   | R | Port A and B     | 0      | 4      | 
|u_fc                | f3_kernel_reg                                                  | 504 x 64(READ_FIRST)   | W |   | 504 x 64(WRITE_FIRST)  |   | R | Port A and B     | 0      | 1      | 
|cnn_accelerator_top | p1_mem_reg                                                     | 169 x 64(READ_FIRST)   | W |   | 169 x 64(WRITE_FIRST)  |   | R | Port A and B     | 0      | 1      | 
+--------------------+----------------------------------------------------------------+------------------------+---+---+------------------------+---+---+------------------+--------+--------+

Note: The table above is a preliminary report that shows the Block RAMs at the current stage of the synthesis flow. Some Block RAMs may be reimplemented as non Block RAM primitives later in the synthesis flow. Multiple instantiated Block RAMs are reported only once. 

Distributed RAM: Preliminary Mapping Report (see note below)
+--------------------+--------------------------------+-----------+----------------------+---------------+
|Module Name         | RTL Object                     | Inference | Size (Depth x Width) | Primitives    | 
+--------------------+--------------------------------+-----------+----------------------+---------------+
|cnn_accelerator_top | c2_shift_reg                   | Implied   | 32 x 8               | RAM32M x 16   | 
|cnn_accelerator_top | c2_mult_reg                    | Implied   | 32 x 32              | RAM32M x 48   | 
|cnn_accelerator_top | c2_bias_reg                    | Implied   | 32 x 32              | RAM32M x 48   | 
|u_fc                | f1_shift_reg                   | Implied   | 128 x 8              | RAM64M x 6    | 
|u_fc                | f2_shift_reg                   | Implied   | 128 x 8              | RAM64M x 6    | 
|u_fc                | f2_mult_reg                    | Implied   | 128 x 32             | RAM64M x 22   | 
|u_fc                | f1_mult_reg                    | Implied   | 128 x 32             | RAM64M x 22   | 
|u_fc                | f2_bias_reg                    | Implied   | 128 x 32             | RAM64M x 176  | 
|u_fc                | f1_bias_reg                    | Implied   | 128 x 32             | RAM64M x 176  | 
|u_fc                | f3_bias_reg                    | Implied   | 64 x 32              | RAM64M x 88   | 
|u_fc                | fc1_activation_reg             | Implied   | 128 x 8              | RAM64M x 6    | 
|u_fc                | gen_flat_bank[0].bank_mem_reg  | Implied   | 32 x 8               | RAM32M x 2    | 
|u_fc                | gen_flat_bank[1].bank_mem_reg  | Implied   | 32 x 8               | RAM32M x 2    | 
|u_fc                | gen_flat_bank[2].bank_mem_reg  | Implied   | 32 x 8               | RAM32M x 2    | 
|u_fc                | gen_flat_bank[3].bank_mem_reg  | Implied   | 32 x 8               | RAM32M x 2    | 
|u_fc                | gen_flat_bank[4].bank_mem_reg  | Implied   | 32 x 8               | RAM32M x 2    | 
|u_fc                | gen_flat_bank[5].bank_mem_reg  | Implied   | 32 x 8               | RAM32M x 2    | 
|u_fc                | gen_flat_bank[6].bank_mem_reg  | Implied   | 32 x 8               | RAM32M x 2    | 
|u_fc                | gen_flat_bank[7].bank_mem_reg  | Implied   | 32 x 8               | RAM32M x 2    | 
|u_fc                | gen_flat_bank[8].bank_mem_reg  | Implied   | 32 x 8               | RAM32M x 2    | 
|u_fc                | gen_flat_bank[9].bank_mem_reg  | Implied   | 32 x 8               | RAM32M x 2    | 
|u_fc                | gen_flat_bank[10].bank_mem_reg | Implied   | 32 x 8               | RAM32M x 2    | 
|u_fc                | gen_flat_bank[11].bank_mem_reg | Implied   | 32 x 8               | RAM32M x 2    | 
|u_fc                | gen_flat_bank[12].bank_mem_reg | Implied   | 32 x 8               | RAM32M x 2    | 
|u_fc                | gen_flat_bank[13].bank_mem_reg | Implied   | 32 x 8               | RAM32M x 2    | 
|u_fc                | gen_flat_bank[14].bank_mem_reg | Implied   | 32 x 8               | RAM32M x 2    | 
|u_fc                | gen_flat_bank[15].bank_mem_reg | Implied   | 32 x 8               | RAM32M x 2    | 
|u_fc                | gen_flat_bank[16].bank_mem_reg | Implied   | 32 x 8               | RAM32M x 2    | 
|u_fc                | gen_flat_bank[17].bank_mem_reg | Implied   | 32 x 8               | RAM32M x 2    | 
|u_fc                | gen_flat_bank[18].bank_mem_reg | Implied   | 32 x 8               | RAM32M x 2    | 
|u_fc                | gen_flat_bank[19].bank_mem_reg | Implied   | 32 x 8               | RAM32M x 2    | 
|u_fc                | gen_flat_bank[20].bank_mem_reg | Implied   | 32 x 8               | RAM32M x 2    | 
|u_fc                | gen_flat_bank[21].bank_mem_reg | Implied   | 32 x 8               | RAM32M x 2    | 
|u_fc                | gen_flat_bank[22].bank_mem_reg | Implied   | 32 x 8               | RAM32M x 2    | 
|u_fc                | gen_flat_bank[23].bank_mem_reg | Implied   | 32 x 8               | RAM32M x 2    | 
|u_fc                | fc2_activation_reg             | Implied   | 128 x 8              | RAM64M x 6    | 
+--------------------+--------------------------------+-----------+----------------------+---------------+

Note: The table above is a preliminary report that shows the Distributed RAMs at the current stage of the synthesis flow. Some Distributed RAMs may be reimplemented as non Distributed RAM primitives later in the synthesis flow. Multiple instantiated RAMs are reported only once.

DSP: Preliminary Mapping Report (see note below. The ' indicates corresponding REG is set)
+---------------------+----------------+--------+--------+--------+--------+--------+------+------+------+------+-------+------+------+
|Module Name          | DSP Mapping    | A Size | B Size | C Size | D Size | P Size | AREG | BREG | CREG | DREG | ADREG | MREG | PREG | 
+---------------------+----------------+--------+--------+--------+--------+--------+------+------+------+------+-------+------+------+
|requantize_relu_lane | A*B            | 18     | 15     | -      | -      | 48     | 0    | 0    | -    | -    | -     | 0    | 0    | 
|requantize_relu_lane | (PCIN>>17)+A*B | 15     | 15     | -      | -      | 48     | 0    | 0    | -    | -    | -     | 0    | 0    | 
|requantize_relu_lane | A*B            | 18     | 18     | -      | -      | 48     | 0    | 0    | -    | -    | -     | 0    | 0    | 
|requantize_relu_lane | (PCIN>>17)+A*B | 18     | 15     | -      | -      | 48     | 0    | 0    | -    | -    | -     | 0    | 0    | 
|requantize_relu_lane | A*B            | 18     | 15     | -      | -      | 48     | 0    | 0    | -    | -    | -     | 0    | 0    | 
|requantize_relu_lane | (PCIN>>17)+A*B | 15     | 15     | -      | -      | 48     | 0    | 0    | -    | -    | -     | 0    | 0    | 
|requantize_relu_lane | A*B            | 18     | 18     | -      | -      | 48     | 0    | 0    | -    | -    | -     | 0    | 0    | 
|requantize_relu_lane | (PCIN>>17)+A*B | 18     | 15     | -      | -      | 48     | 0    | 0    | -    | -    | -     | 0    | 0    | 
|requantize_relu_lane | A*B            | 18     | 15     | -      | -      | 48     | 0    | 0    | -    | -    | -     | 0    | 0    | 
|requantize_relu_lane | (PCIN>>17)+A*B | 15     | 15     | -      | -      | 48     | 0    | 0    | -    | -    | -     | 0    | 0    | 
|requantize_relu_lane | A*B            | 18     | 18     | -      | -      | 48     | 0    | 0    | -    | -    | -     | 0    | 0    | 
|requantize_relu_lane | (PCIN>>17)+A*B | 18     | 15     | -      | -      | 48     | 0    | 0    | -    | -    | -     | 0    | 0    | 
|requantize_relu_lane | A*B            | 18     | 15     | -      | -      | 48     | 0    | 0    | -    | -    | -     | 0    | 0    | 
|requantize_relu_lane | (PCIN>>17)+A*B | 15     | 15     | -      | -      | 48     | 0    | 0    | -    | -    | -     | 0    | 0    | 
|requantize_relu_lane | A*B            | 18     | 18     | -      | -      | 48     | 0    | 0    | -    | -    | -     | 0    | 0    | 
|requantize_relu_lane | (PCIN>>17)+A*B | 18     | 15     | -      | -      | 48     | 0    | 0    | -    | -    | -     | 0    | 0    | 
|requantize_relu_lane | A*B            | 18     | 15     | -      | -      | 48     | 0    | 0    | -    | -    | -     | 0    | 0    | 
|requantize_relu_lane | (PCIN>>17)+A*B | 15     | 15     | -      | -      | 48     | 0    | 0    | -    | -    | -     | 0    | 0    | 
|requantize_relu_lane | A*B            | 18     | 18     | -      | -      | 48     | 0    | 0    | -    | -    | -     | 0    | 0    | 
|requantize_relu_lane | (PCIN>>17)+A*B | 18     | 15     | -      | -      | 48     | 0    | 0    | -    | -    | -     | 0    | 0    | 
|requantize_relu_lane | A*B            | 18     | 15     | -      | -      | 48     | 0    | 0    | -    | -    | -     | 0    | 0    | 
|requantize_relu_lane | (PCIN>>17)+A*B | 15     | 15     | -      | -      | 48     | 0    | 0    | -    | -    | -     | 0    | 0    | 
|requantize_relu_lane | A*B            | 18     | 18     | -      | -      | 48     | 0    | 0    | -    | -    | -     | 0    | 0    | 
|requantize_relu_lane | (PCIN>>17)+A*B | 18     | 15     | -      | -      | 48     | 0    | 0    | -    | -    | -     | 0    | 0    | 
|requantize_relu_lane | A*B            | 18     | 15     | -      | -      | 48     | 0    | 0    | -    | -    | -     | 0    | 0    | 
|requantize_relu_lane | (PCIN>>17)+A*B | 15     | 15     | -      | -      | 48     | 0    | 0    | -    | -    | -     | 0    | 0    | 
|requantize_relu_lane | A*B            | 18     | 18     | -      | -      | 48     | 0    | 0    | -    | -    | -     | 0    | 0    | 
|requantize_relu_lane | (PCIN>>17)+A*B | 18     | 15     | -      | -      | 48     | 0    | 0    | -    | -    | -     | 0    | 0    | 
|requantize_relu_lane | A*B            | 18     | 15     | -      | -      | 48     | 0    | 0    | -    | -    | -     | 0    | 0    | 
|requantize_relu_lane | (PCIN>>17)+A*B | 15     | 15     | -      | -      | 48     | 0    | 0    | -    | -    | -     | 0    | 0    | 
|requantize_relu_lane | A*B            | 18     | 18     | -      | -      | 48     | 0    | 0    | -    | -    | -     | 0    | 0    | 
|requantize_relu_lane | (PCIN>>17)+A*B | 18     | 15     | -      | -      | 48     | 0    | 0    | -    | -    | -     | 0    | 0    | 
|fc_stream            | A*B            | 18     | 15     | -      | -      | 48     | 0    | 0    | -    | -    | -     | 0    | 0    | 
|fc_stream            | (PCIN>>17)+A*B | 15     | 15     | -      | -      | 48     | 0    | 0    | -    | -    | -     | 0    | 0    | 
|fc_stream            | A*B            | 18     | 18     | -      | -      | 48     | 0    | 0    | -    | -    | -     | 0    | 0    | 
|fc_stream            | (PCIN>>17)+A*B | 18     | 15     | -      | -      | 48     | 0    | 0    | -    | -    | -     | 0    | 0    | 
+---------------------+----------------+--------+--------+--------+--------+--------+------+------+------+------+-------+------+------+

Note: The table above is a preliminary report that shows the DSPs inferred at the current stage of the synthesis flow. Some DSP may be reimplemented as non DSP primitives later in the synthesis flow. Multiple instantiated DSPs are reported only once.
---------------------------------------------------------------------------------
Finished ROM, RAM, DSP, Shift Register and Retiming Reporting
---------------------------------------------------------------------------------
No constraint files found.
---------------------------------------------------------------------------------
Start Timing Optimization
---------------------------------------------------------------------------------
---------------------------------------------------------------------------------
Finished Timing Optimization : Time (s): cpu = 00:03:10 ; elapsed = 00:04:10 . Memory (MB): peak = 2323.164 ; gain = 1716.121
---------------------------------------------------------------------------------
---------------------------------------------------------------------------------
Start ROM, RAM, DSP, Shift Register and Retiming Reporting
---------------------------------------------------------------------------------

Block RAM: Final Mapping Report
+--------------------+----------------------------------------------------------------+------------------------+---+---+------------------------+---+---+------------------+--------+--------+
|Module Name         | RTL Object                                                     | PORT A (Depth x Width) | W | R | PORT B (Depth x Width) | W | R | Ports driving FF | RAMB18 | RAMB36 | 
+--------------------+----------------------------------------------------------------+------------------------+---+---+------------------------+---+---+------------------+--------+--------+
|u_fc                | gen_f1_kernel_lane[0].gen_depth_bank[1].f1_kernel_byte_mem_reg | 2 K x 8(READ_FIRST)    | W |   | 2 K x 8(WRITE_FIRST)   |   | R | Port A and B     | 0      | 1      | 
|u_fc                | gen_f1_kernel_lane[0].gen_depth_bank[0].f1_kernel_byte_mem_reg | 2 K x 8(READ_FIRST)    | W |   | 2 K x 8(WRITE_FIRST)   |   | R | Port A and B     | 0      | 1      | 
|u_fc                | gen_f1_kernel_lane[1].gen_depth_bank[1].f1_kernel_byte_mem_reg | 2 K x 8(READ_FIRST)    | W |   | 2 K x 8(WRITE_FIRST)   |   | R | Port A and B     | 0      | 1      | 
|u_fc                | gen_f1_kernel_lane[1].gen_depth_bank[0].f1_kernel_byte_mem_reg | 2 K x 8(READ_FIRST)    | W |   | 2 K x 8(WRITE_FIRST)   |   | R | Port A and B     | 0      | 1      | 
|u_fc                | gen_f1_kernel_lane[2].gen_depth_bank[1].f1_kernel_byte_mem_reg | 2 K x 8(READ_FIRST)    | W |   | 2 K x 8(WRITE_FIRST)   |   | R | Port A and B     | 0      | 1      | 
|u_fc                | gen_f1_kernel_lane[2].gen_depth_bank[0].f1_kernel_byte_mem_reg | 2 K x 8(READ_FIRST)    | W |   | 2 K x 8(WRITE_FIRST)   |   | R | Port A and B     | 0      | 1      | 
|u_fc                | gen_f1_kernel_lane[3].gen_depth_bank[1].f1_kernel_byte_mem_reg | 2 K x 8(READ_FIRST)    | W |   | 2 K x 8(WRITE_FIRST)   |   | R | Port A and B     | 0      | 1      | 
|u_fc                | gen_f1_kernel_lane[3].gen_depth_bank[0].f1_kernel_byte_mem_reg | 2 K x 8(READ_FIRST)    | W |   | 2 K x 8(WRITE_FIRST)   |   | R | Port A and B     | 0      | 1      | 
|u_fc                | gen_f1_kernel_lane[4].gen_depth_bank[1].f1_kernel_byte_mem_reg | 2 K x 8(READ_FIRST)    | W |   | 2 K x 8(WRITE_FIRST)   |   | R | Port A and B     | 0      | 1      | 
|u_fc                | gen_f1_kernel_lane[4].gen_depth_bank[0].f1_kernel_byte_mem_reg | 2 K x 8(READ_FIRST)    | W |   | 2 K x 8(WRITE_FIRST)   |   | R | Port A and B     | 0      | 1      | 
|u_fc                | gen_f1_kernel_lane[5].gen_depth_bank[1].f1_kernel_byte_mem_reg | 2 K x 8(READ_FIRST)    | W |   | 2 K x 8(WRITE_FIRST)   |   | R | Port A and B     | 0      | 1      | 
|u_fc                | gen_f1_kernel_lane[5].gen_depth_bank[0].f1_kernel_byte_mem_reg | 2 K x 8(READ_FIRST)    | W |   | 2 K x 8(WRITE_FIRST)   |   | R | Port A and B     | 0      | 1      | 
|u_fc                | gen_f1_kernel_lane[6].gen_depth_bank[1].f1_kernel_byte_mem_reg | 2 K x 8(READ_FIRST)    | W |   | 2 K x 8(WRITE_FIRST)   |   | R | Port A and B     | 0      | 1      | 
|u_fc                | gen_f1_kernel_lane[6].gen_depth_bank[0].f1_kernel_byte_mem_reg | 2 K x 8(READ_FIRST)    | W |   | 2 K x 8(WRITE_FIRST)   |   | R | Port A and B     | 0      | 1      | 
|u_fc                | gen_f1_kernel_lane[7].gen_depth_bank[1].f1_kernel_byte_mem_reg | 2 K x 8(READ_FIRST)    | W |   | 2 K x 8(WRITE_FIRST)   |   | R | Port A and B     | 0      | 1      | 
|u_fc                | gen_f1_kernel_lane[7].gen_depth_bank[0].f1_kernel_byte_mem_reg | 2 K x 8(READ_FIRST)    | W |   | 2 K x 8(WRITE_FIRST)   |   | R | Port A and B     | 0      | 1      | 
|u_fc                | gen_f1_kernel_lane[0].gen_depth_bank[2].f1_kernel_byte_mem_reg | 2 K x 8(READ_FIRST)    | W |   | 2 K x 8(WRITE_FIRST)   |   | R | Port A and B     | 0      | 1      | 
|u_fc                | gen_f1_kernel_lane[1].gen_depth_bank[2].f1_kernel_byte_mem_reg | 2 K x 8(READ_FIRST)    | W |   | 2 K x 8(WRITE_FIRST)   |   | R | Port A and B     | 0      | 1      | 
|u_fc                | gen_f1_kernel_lane[2].gen_depth_bank[2].f1_kernel_byte_mem_reg | 2 K x 8(READ_FIRST)    | W |   | 2 K x 8(WRITE_FIRST)   |   | R | Port A and B     | 0      | 1      | 
|u_fc                | gen_f1_kernel_lane[3].gen_depth_bank[2].f1_kernel_byte_mem_reg | 2 K x 8(READ_FIRST)    | W |   | 2 K x 8(WRITE_FIRST)   |   | R | Port A and B     | 0      | 1      | 
|u_fc                | gen_f1_kernel_lane[4].gen_depth_bank[2].f1_kernel_byte_mem_reg | 2 K x 8(READ_FIRST)    | W |   | 2 K x 8(WRITE_FIRST)   |   | R | Port A and B     | 0      | 1      | 
|u_fc                | gen_f1_kernel_lane[5].gen_depth_bank[2].f1_kernel_byte_mem_reg | 2 K x 8(READ_FIRST)    | W |   | 2 K x 8(WRITE_FIRST)   |   | R | Port A and B     | 0      | 1      | 
|u_fc                | gen_f1_kernel_lane[6].gen_depth_bank[2].f1_kernel_byte_mem_reg | 2 K x 8(READ_FIRST)    | W |   | 2 K x 8(WRITE_FIRST)   |   | R | Port A and B     | 0      | 1      | 
|u_fc                | gen_f1_kernel_lane[7].gen_depth_bank[2].f1_kernel_byte_mem_reg | 2 K x 8(READ_FIRST)    | W |   | 2 K x 8(WRITE_FIRST)   |   | R | Port A and B     | 0      | 1      | 
|u_fc                | f2_kernel_reg                                                  | 1 K x 64(READ_FIRST)   | W |   | 1 K x 64(WRITE_FIRST)  |   | R | Port A and B     | 0      | 4      | 
|u_fc                | f3_kernel_reg                                                  | 504 x 64(READ_FIRST)   | W |   | 504 x 64(WRITE_FIRST)  |   | R | Port A and B     | 0      | 1      | 
|cnn_accelerator_top | p1_mem_reg                                                     | 169 x 64(READ_FIRST)   | W |   | 169 x 64(WRITE_FIRST)  |   | R | Port A and B     | 0      | 1      | 
+--------------------+----------------------------------------------------------------+------------------------+---+---+------------------------+---+---+------------------+--------+--------+


Distributed RAM: Final Mapping Report
+--------------------+--------------------------------+-----------+----------------------+---------------+
|Module Name         | RTL Object                     | Inference | Size (Depth x Width) | Primitives    | 
+--------------------+--------------------------------+-----------+----------------------+---------------+
|cnn_accelerator_top | c2_shift_reg                   | Implied   | 32 x 8               | RAM32M x 16   | 
|cnn_accelerator_top | c2_mult_reg                    | Implied   | 32 x 32              | RAM32M x 48   | 
|cnn_accelerator_top | c2_bias_reg                    | Implied   | 32 x 32              | RAM32M x 48   | 
|u_fc                | f1_shift_reg                   | Implied   | 128 x 8              | RAM64M x 6    | 
|u_fc                | f2_shift_reg                   | Implied   | 128 x 8              | RAM64M x 6    | 
|u_fc                | f2_mult_reg                    | Implied   | 128 x 32             | RAM64M x 22   | 
|u_fc                | f1_mult_reg                    | Implied   | 128 x 32             | RAM64M x 22   | 
|u_fc                | f2_bias_reg                    | Implied   | 128 x 32             | RAM64M x 176  | 
|u_fc                | f1_bias_reg                    | Implied   | 128 x 32             | RAM64M x 176  | 
|u_fc                | f3_bias_reg                    | Implied   | 64 x 32              | RAM64M x 88   | 
|u_fc                | fc1_activation_reg             | Implied   | 128 x 8              | RAM64M x 6    | 
|u_fc                | gen_flat_bank[0].bank_mem_reg  | Implied   | 32 x 8               | RAM32M x 2    | 
|u_fc                | gen_flat_bank[1].bank_mem_reg  | Implied   | 32 x 8               | RAM32M x 2    | 
|u_fc                | gen_flat_bank[2].bank_mem_reg  | Implied   | 32 x 8               | RAM32M x 2    | 
|u_fc                | gen_flat_bank[3].bank_mem_reg  | Implied   | 32 x 8               | RAM32M x 2    | 
|u_fc                | gen_flat_bank[4].bank_mem_reg  | Implied   | 32 x 8               | RAM32M x 2    | 
|u_fc                | gen_flat_bank[5].bank_mem_reg  | Implied   | 32 x 8               | RAM32M x 2    | 
|u_fc                | gen_flat_bank[6].bank_mem_reg  | Implied   | 32 x 8               | RAM32M x 2    | 
|u_fc                | gen_flat_bank[7].bank_mem_reg  | Implied   | 32 x 8               | RAM32M x 2    | 
|u_fc                | gen_flat_bank[8].bank_mem_reg  | Implied   | 32 x 8               | RAM32M x 2    | 
|u_fc                | gen_flat_bank[9].bank_mem_reg  | Implied   | 32 x 8               | RAM32M x 2    | 
|u_fc                | gen_flat_bank[10].bank_mem_reg | Implied   | 32 x 8               | RAM32M x 2    | 
|u_fc                | gen_flat_bank[11].bank_mem_reg | Implied   | 32 x 8               | RAM32M x 2    | 
|u_fc                | gen_flat_bank[12].bank_mem_reg | Implied   | 32 x 8               | RAM32M x 2    | 
|u_fc                | gen_flat_bank[13].bank_mem_reg | Implied   | 32 x 8               | RAM32M x 2    | 
|u_fc                | gen_flat_bank[14].bank_mem_reg | Implied   | 32 x 8               | RAM32M x 2    | 
|u_fc                | gen_flat_bank[15].bank_mem_reg | Implied   | 32 x 8               | RAM32M x 2    | 
|u_fc                | gen_flat_bank[16].bank_mem_reg | Implied   | 32 x 8               | RAM32M x 2    | 
|u_fc                | gen_flat_bank[17].bank_mem_reg | Implied   | 32 x 8               | RAM32M x 2    | 
|u_fc                | gen_flat_bank[18].bank_mem_reg | Implied   | 32 x 8               | RAM32M x 2    | 
|u_fc                | gen_flat_bank[19].bank_mem_reg | Implied   | 32 x 8               | RAM32M x 2    | 
|u_fc                | gen_flat_bank[20].bank_mem_reg | Implied   | 32 x 8               | RAM32M x 2    | 
|u_fc                | gen_flat_bank[21].bank_mem_reg | Implied   | 32 x 8               | RAM32M x 2    | 
|u_fc                | gen_flat_bank[22].bank_mem_reg | Implied   | 32 x 8               | RAM32M x 2    | 
|u_fc                | gen_flat_bank[23].bank_mem_reg | Implied   | 32 x 8               | RAM32M x 2    | 
|u_fc                | fc2_activation_reg             | Implied   | 128 x 8              | RAM64M x 6    | 
+--------------------+--------------------------------+-----------+----------------------+---------------+

---------------------------------------------------------------------------------
Finished ROM, RAM, DSP, Shift Register and Retiming Reporting
---------------------------------------------------------------------------------
---------------------------------------------------------------------------------
Start Technology Mapping
---------------------------------------------------------------------------------
INFO: [Synth 8-7052] The timing for the instance u_core/u_fc/gen_f1_kernel_lane[0].gen_depth_bank[1].f1_kernel_byte_mem_reg (implemented as a Block RAM) might be sub-optimal as no optional output register could be merged into the ram block. Providing additional output register may help in improving timing.
INFO: [Synth 8-7052] The timing for the instance u_core/u_fc/gen_f1_kernel_lane[0].gen_depth_bank[0].f1_kernel_byte_mem_reg (implemented as a Block RAM) might be sub-optimal as no optional output register could be merged into the ram block. Providing additional output register may help in improving timing.
INFO: [Synth 8-7052] The timing for the instance u_core/u_fc/gen_f1_kernel_lane[1].gen_depth_bank[1].f1_kernel_byte_mem_reg (implemented as a Block RAM) might be sub-optimal as no optional output register could be merged into the ram block. Providing additional output register may help in improving timing.
INFO: [Synth 8-7052] The timing for the instance u_core/u_fc/gen_f1_kernel_lane[1].gen_depth_bank[0].f1_kernel_byte_mem_reg (implemented as a Block RAM) might be sub-optimal as no optional output register could be merged into the ram block. Providing additional output register may help in improving timing.
INFO: [Synth 8-7052] The timing for the instance u_core/u_fc/gen_f1_kernel_lane[2].gen_depth_bank[1].f1_kernel_byte_mem_reg (implemented as a Block RAM) might be sub-optimal as no optional output register could be merged into the ram block. Providing additional output register may help in improving timing.
INFO: [Synth 8-7052] The timing for the instance u_core/u_fc/gen_f1_kernel_lane[2].gen_depth_bank[0].f1_kernel_byte_mem_reg (implemented as a Block RAM) might be sub-optimal as no optional output register could be merged into the ram block. Providing additional output register may help in improving timing.
INFO: [Synth 8-7052] The timing for the instance u_core/u_fc/gen_f1_kernel_lane[3].gen_depth_bank[1].f1_kernel_byte_mem_reg (implemented as a Block RAM) might be sub-optimal as no optional output register could be merged into the ram block. Providing additional output register may help in improving timing.
INFO: [Synth 8-7052] The timing for the instance u_core/u_fc/gen_f1_kernel_lane[3].gen_depth_bank[0].f1_kernel_byte_mem_reg (implemented as a Block RAM) might be sub-optimal as no optional output register could be merged into the ram block. Providing additional output register may help in improving timing.
INFO: [Synth 8-7052] The timing for the instance u_core/u_fc/gen_f1_kernel_lane[4].gen_depth_bank[1].f1_kernel_byte_mem_reg (implemented as a Block RAM) might be sub-optimal as no optional output register could be merged into the ram block. Providing additional output register may help in improving timing.
INFO: [Synth 8-7052] The timing for the instance u_core/u_fc/gen_f1_kernel_lane[4].gen_depth_bank[0].f1_kernel_byte_mem_reg (implemented as a Block RAM) might be sub-optimal as no optional output register could be merged into the ram block. Providing additional output register may help in improving timing.
INFO: [Synth 8-7052] The timing for the instance u_core/u_fc/gen_f1_kernel_lane[5].gen_depth_bank[1].f1_kernel_byte_mem_reg (implemented as a Block RAM) might be sub-optimal as no optional output register could be merged into the ram block. Providing additional output register may help in improving timing.
INFO: [Synth 8-7052] The timing for the instance u_core/u_fc/gen_f1_kernel_lane[5].gen_depth_bank[0].f1_kernel_byte_mem_reg (implemented as a Block RAM) might be sub-optimal as no optional output register could be merged into the ram block. Providing additional output register may help in improving timing.
INFO: [Synth 8-7052] The timing for the instance u_core/u_fc/gen_f1_kernel_lane[6].gen_depth_bank[1].f1_kernel_byte_mem_reg (implemented as a Block RAM) might be sub-optimal as no optional output register could be merged into the ram block. Providing additional output register may help in improving timing.
INFO: [Synth 8-7052] The timing for the instance u_core/u_fc/gen_f1_kernel_lane[6].gen_depth_bank[0].f1_kernel_byte_mem_reg (implemented as a Block RAM) might be sub-optimal as no optional output register could be merged into the ram block. Providing additional output register may help in improving timing.
INFO: [Synth 8-7052] The timing for the instance u_core/u_fc/gen_f1_kernel_lane[7].gen_depth_bank[1].f1_kernel_byte_mem_reg (implemented as a Block RAM) might be sub-optimal as no optional output register could be merged into the ram block. Providing additional output register may help in improving timing.
INFO: [Synth 8-7052] The timing for the instance u_core/u_fc/gen_f1_kernel_lane[7].gen_depth_bank[0].f1_kernel_byte_mem_reg (implemented as a Block RAM) might be sub-optimal as no optional output register could be merged into the ram block. Providing additional output register may help in improving timing.
INFO: [Synth 8-7052] The timing for the instance u_core/u_fc/gen_f1_kernel_lane[0].gen_depth_bank[2].f1_kernel_byte_mem_reg (implemented as a Block RAM) might be sub-optimal as no optional output register could be merged into the ram block. Providing additional output register may help in improving timing.
INFO: [Synth 8-7052] The timing for the instance u_core/u_fc/gen_f1_kernel_lane[1].gen_depth_bank[2].f1_kernel_byte_mem_reg (implemented as a Block RAM) might be sub-optimal as no optional output register could be merged into the ram block. Providing additional output register may help in improving timing.
INFO: [Synth 8-7052] The timing for the instance u_core/u_fc/gen_f1_kernel_lane[2].gen_depth_bank[2].f1_kernel_byte_mem_reg (implemented as a Block RAM) might be sub-optimal as no optional output register could be merged into the ram block. Providing additional output register may help in improving timing.
INFO: [Synth 8-7052] The timing for the instance u_core/u_fc/gen_f1_kernel_lane[3].gen_depth_bank[2].f1_kernel_byte_mem_reg (implemented as a Block RAM) might be sub-optimal as no optional output register could be merged into the ram block. Providing additional output register may help in improving timing.
INFO: [Synth 8-7052] The timing for the instance u_core/u_fc/gen_f1_kernel_lane[4].gen_depth_bank[2].f1_kernel_byte_mem_reg (implemented as a Block RAM) might be sub-optimal as no optional output register could be merged into the ram block. Providing additional output register may help in improving timing.
INFO: [Synth 8-7052] The timing for the instance u_core/u_fc/gen_f1_kernel_lane[5].gen_depth_bank[2].f1_kernel_byte_mem_reg (implemented as a Block RAM) might be sub-optimal as no optional output register could be merged into the ram block. Providing additional output register may help in improving timing.
INFO: [Synth 8-7052] The timing for the instance u_core/u_fc/gen_f1_kernel_lane[6].gen_depth_bank[2].f1_kernel_byte_mem_reg (implemented as a Block RAM) might be sub-optimal as no optional output register could be merged into the ram block. Providing additional output register may help in improving timing.
INFO: [Synth 8-7052] The timing for the instance u_core/u_fc/gen_f1_kernel_lane[7].gen_depth_bank[2].f1_kernel_byte_mem_reg (implemented as a Block RAM) might be sub-optimal as no optional output register could be merged into the ram block. Providing additional output register may help in improving timing.
INFO: [Synth 8-7052] The timing for the instance u_core/u_fc/f2_kernel_reg_0 (implemented as a Block RAM) might be sub-optimal as no optional output register could be merged into the ram block. Providing additional output register may help in improving timing.
INFO: [Synth 8-7052] The timing for the instance u_core/u_fc/f2_kernel_reg_1 (implemented as a Block RAM) might be sub-optimal as no optional output register could be merged into the ram block. Providing additional output register may help in improving timing.
INFO: [Synth 8-7052] The timing for the instance u_core/u_fc/f2_kernel_reg_2 (implemented as a Block RAM) might be sub-optimal as no optional output register could be merged into the ram block. Providing additional output register may help in improving timing.
INFO: [Synth 8-7052] The timing for the instance u_core/u_fc/f2_kernel_reg_3 (implemented as a Block RAM) might be sub-optimal as no optional output register could be merged into the ram block. Providing additional output register may help in improving timing.
INFO: [Synth 8-7052] The timing for the instance u_core/u_fc/f3_kernel_reg (implemented as a Block RAM) might be sub-optimal as no optional output register could be merged into the ram block. Providing additional output register may help in improving timing.
INFO: [Synth 8-7052] The timing for the instance u_core/p1_mem_reg (implemented as a Block RAM) might be sub-optimal as no optional output register could be merged into the ram block. Providing additional output register may help in improving timing.
---------------------------------------------------------------------------------
Finished Technology Mapping : Time (s): cpu = 00:03:23 ; elapsed = 00:04:28 . Memory (MB): peak = 2323.164 ; gain = 1716.121
---------------------------------------------------------------------------------
---------------------------------------------------------------------------------
Start IO Insertion
---------------------------------------------------------------------------------
---------------------------------------------------------------------------------
Start Flattening Before IO Insertion
---------------------------------------------------------------------------------
---------------------------------------------------------------------------------
Finished Flattening Before IO Insertion
---------------------------------------------------------------------------------
---------------------------------------------------------------------------------
Start Final Netlist Cleanup
---------------------------------------------------------------------------------
---------------------------------------------------------------------------------
Finished Final Netlist Cleanup
---------------------------------------------------------------------------------
---------------------------------------------------------------------------------
Finished IO Insertion : Time (s): cpu = 00:03:36 ; elapsed = 00:04:47 . Memory (MB): peak = 2323.164 ; gain = 1716.121
---------------------------------------------------------------------------------
---------------------------------------------------------------------------------
Start Renaming Generated Instances
---------------------------------------------------------------------------------
---------------------------------------------------------------------------------
Finished Renaming Generated Instances : Time (s): cpu = 00:03:36 ; elapsed = 00:04:48 . Memory (MB): peak = 2323.164 ; gain = 1716.121
---------------------------------------------------------------------------------
---------------------------------------------------------------------------------
Start Rebuilding User Hierarchy
---------------------------------------------------------------------------------
---------------------------------------------------------------------------------
Finished Rebuilding User Hierarchy : Time (s): cpu = 00:03:41 ; elapsed = 00:04:58 . Memory (MB): peak = 2323.164 ; gain = 1716.121
---------------------------------------------------------------------------------
---------------------------------------------------------------------------------
Start Renaming Generated Ports
---------------------------------------------------------------------------------
---------------------------------------------------------------------------------
Finished Renaming Generated Ports : Time (s): cpu = 00:03:42 ; elapsed = 00:04:58 . Memory (MB): peak = 2323.164 ; gain = 1716.121
---------------------------------------------------------------------------------
---------------------------------------------------------------------------------
Start Handling Custom Attributes
---------------------------------------------------------------------------------
---------------------------------------------------------------------------------
Finished Handling Custom Attributes : Time (s): cpu = 00:03:43 ; elapsed = 00:05:00 . Memory (MB): peak = 2323.164 ; gain = 1716.121
---------------------------------------------------------------------------------
---------------------------------------------------------------------------------
Start Renaming Generated Nets
---------------------------------------------------------------------------------
---------------------------------------------------------------------------------
Finished Renaming Generated Nets : Time (s): cpu = 00:03:43 ; elapsed = 00:05:01 . Memory (MB): peak = 2323.164 ; gain = 1716.121
---------------------------------------------------------------------------------
---------------------------------------------------------------------------------
Start Writing Synthesis Report
---------------------------------------------------------------------------------

DSP Final Report (the ' indicates corresponding REG is set)
+---------------------+-----------------+--------+--------+--------+--------+--------+------+------+------+------+-------+------+------+
|Module Name          | DSP Mapping     | A Size | B Size | C Size | D Size | P Size | AREG | BREG | CREG | DREG | ADREG | MREG | PREG | 
+---------------------+-----------------+--------+--------+--------+--------+--------+------+------+------+------+-------+------+------+
|fc_stream            | A*B             | 17     | 18     | -      | -      | 48     | 0    | 0    | -    | -    | -     | 0    | 0    | 
|fc_stream            | (PCIN>>17+A*B)' | 30     | 18     | -      | -      | 48     | 0    | 0    | -    | -    | -     | 0    | 1    | 
|fc_stream            | A*B             | 17     | 17     | -      | -      | 48     | 0    | 0    | -    | -    | -     | 0    | 0    | 
|fc_stream            | (PCIN>>17+A*B)' | 0      | 18     | -      | -      | 48     | 0    | 0    | -    | -    | -     | 0    | 1    | 
|requantize_relu_lane | A*B             | 17     | 18     | -      | -      | 48     | 0    | 0    | -    | -    | -     | 0    | 0    | 
|requantize_relu_lane | PCIN>>17+A*B    | 30     | 18     | -      | -      | 48     | 0    | 0    | -    | -    | -     | 0    | 0    | 
|requantize_relu_lane | A*B             | 17     | 17     | -      | -      | 48     | 0    | 0    | -    | -    | -     | 0    | 0    | 
|requantize_relu_lane | PCIN>>17+A*B    | 0      | 18     | -      | -      | 48     | 0    | 0    | -    | -    | -     | 0    | 0    | 
|requantize_relu_lane | A*B             | 17     | 18     | -      | -      | 48     | 0    | 0    | -    | -    | -     | 0    | 0    | 
|requantize_relu_lane | PCIN>>17+A*B    | 30     | 18     | -      | -      | 48     | 0    | 0    | -    | -    | -     | 0    | 0    | 
|requantize_relu_lane | A*B             | 17     | 17     | -      | -      | 48     | 0    | 0    | -    | -    | -     | 0    | 0    | 
|requantize_relu_lane | PCIN>>17+A*B    | 0      | 18     | -      | -      | 48     | 0    | 0    | -    | -    | -     | 0    | 0    | 
|requantize_relu_lane | A*B             | 17     | 18     | -      | -      | 48     | 0    | 0    | -    | -    | -     | 0    | 0    | 
|requantize_relu_lane | PCIN>>17+A*B    | 30     | 18     | -      | -      | 48     | 0    | 0    | -    | -    | -     | 0    | 0    | 
|requantize_relu_lane | A*B             | 17     | 17     | -      | -      | 48     | 0    | 0    | -    | -    | -     | 0    | 0    | 
|requantize_relu_lane | PCIN>>17+A*B    | 0      | 18     | -      | -      | 48     | 0    | 0    | -    | -    | -     | 0    | 0    | 
|requantize_relu_lane | A*B             | 17     | 18     | -      | -      | 48     | 0    | 0    | -    | -    | -     | 0    | 0    | 
|requantize_relu_lane | PCIN>>17+A*B    | 30     | 18     | -      | -      | 48     | 0    | 0    | -    | -    | -     | 0    | 0    | 
|requantize_relu_lane | A*B             | 17     | 17     | -      | -      | 48     | 0    | 0    | -    | -    | -     | 0    | 0    | 
|requantize_relu_lane | PCIN>>17+A*B    | 0      | 18     | -      | -      | 48     | 0    | 0    | -    | -    | -     | 0    | 0    | 
|requantize_relu_lane | A*B             | 17     | 18     | -      | -      | 48     | 0    | 0    | -    | -    | -     | 0    | 0    | 
|requantize_relu_lane | PCIN>>17+A*B    | 30     | 18     | -      | -      | 48     | 0    | 0    | -    | -    | -     | 0    | 0    | 
|requantize_relu_lane | A*B             | 17     | 17     | -      | -      | 48     | 0    | 0    | -    | -    | -     | 0    | 0    | 
|requantize_relu_lane | PCIN>>17+A*B    | 0      | 18     | -      | -      | 48     | 0    | 0    | -    | -    | -     | 0    | 0    | 
|requantize_relu_lane | A*B             | 17     | 18     | -      | -      | 48     | 0    | 0    | -    | -    | -     | 0    | 0    | 
|requantize_relu_lane | PCIN>>17+A*B    | 30     | 18     | -      | -      | 48     | 0    | 0    | -    | -    | -     | 0    | 0    | 
|requantize_relu_lane | A*B             | 17     | 17     | -      | -      | 48     | 0    | 0    | -    | -    | -     | 0    | 0    | 
|requantize_relu_lane | PCIN>>17+A*B    | 0      | 18     | -      | -      | 48     | 0    | 0    | -    | -    | -     | 0    | 0    | 
|requantize_relu_lane | A*B             | 17     | 18     | -      | -      | 48     | 0    | 0    | -    | -    | -     | 0    | 0    | 
|requantize_relu_lane | PCIN>>17+A*B    | 30     | 18     | -      | -      | 48     | 0    | 0    | -    | -    | -     | 0    | 0    | 
|requantize_relu_lane | A*B             | 17     | 17     | -      | -      | 48     | 0    | 0    | -    | -    | -     | 0    | 0    | 
|requantize_relu_lane | PCIN>>17+A*B    | 0      | 18     | -      | -      | 48     | 0    | 0    | -    | -    | -     | 0    | 0    | 
|requantize_relu_lane | A*B             | 17     | 18     | -      | -      | 48     | 0    | 0    | -    | -    | -     | 0    | 0    | 
|requantize_relu_lane | PCIN>>17+A*B    | 30     | 18     | -      | -      | 48     | 0    | 0    | -    | -    | -     | 0    | 0    | 
|requantize_relu_lane | A*B             | 17     | 17     | -      | -      | 48     | 0    | 0    | -    | -    | -     | 0    | 0    | 
|requantize_relu_lane | PCIN>>17+A*B    | 0      | 18     | -      | -      | 48     | 0    | 0    | -    | -    | -     | 0    | 0    | 
+---------------------+-----------------+--------+--------+--------+--------+--------+------+------+------+------+-------+------+------+


Report BlackBoxes: 
+-+--------------+----------+
| |BlackBox name |Instances |
+-+--------------+----------+
+-+--------------+----------+

Report Cell Usage: 
+------+---------+------+
|      |Cell     |Count |
+------+---------+------+
|1     |CARRY4   |  2033|
|2     |DSP48E1  |    36|
|3     |LUT1     |   134|
|4     |LUT2     |  5578|
|5     |LUT3     |  2049|
|6     |LUT4     |  3366|
|7     |LUT5     |  3290|
|8     |LUT6     | 14888|
|9     |MUXF7    |  1872|
|10    |MUXF8    |   568|
|11    |RAM32M   |   120|
|12    |RAM32X1D |    48|
|13    |RAM64M   |   508|
|14    |RAMB36E1 |    30|
|15    |FDCE     |  7481|
|16    |FDPE     |     6|
|17    |FDRE     | 14978|
+------+---------+------+

Report Instance Areas: 
+------+--------------------------------------------------+------------------------------------------+------+
|      |Instance                                          |Module                                    |Cells |
+------+--------------------------------------------------+------------------------------------------+------+
|1     |top                                               |                                          | 56985|
|2     |  u_core                                          |axis_cnn_mnist_emnist                     | 56896|
|3     |    u_conv1_window                                |conv1_buf_new                             |   875|
|4     |      u_line_buf                                  |line_buffer_model_ver3                    |   676|
|5     |      u_win_gen                                   |window_generator_ver3_21                  |   199|
|6     |    u_conv2_window                                |conv2_buf_new                             |  4801|
|7     |      \g_depth_parallel_sliding[0].u_line_buf_ch  |line_buffer_model_ver3__parameterized0    |   357|
|8     |      \g_depth_parallel_sliding[0].u_win_gen_ch   |window_generator_ver3                     |   243|
|9     |      \g_depth_parallel_sliding[1].u_line_buf_ch  |line_buffer_model_ver3__parameterized0_7  |   356|
|10    |      \g_depth_parallel_sliding[1].u_win_gen_ch   |window_generator_ver3_8                   |   243|
|11    |      \g_depth_parallel_sliding[2].u_line_buf_ch  |line_buffer_model_ver3__parameterized0_9  |   356|
|12    |      \g_depth_parallel_sliding[2].u_win_gen_ch   |window_generator_ver3_10                  |   249|
|13    |      \g_depth_parallel_sliding[3].u_line_buf_ch  |line_buffer_model_ver3__parameterized0_11 |   356|
|14    |      \g_depth_parallel_sliding[3].u_win_gen_ch   |window_generator_ver3_12                  |   243|
|15    |      \g_depth_parallel_sliding[4].u_line_buf_ch  |line_buffer_model_ver3__parameterized0_13 |   356|
|16    |      \g_depth_parallel_sliding[4].u_win_gen_ch   |window_generator_ver3_14                  |   243|
|17    |      \g_depth_parallel_sliding[5].u_line_buf_ch  |line_buffer_model_ver3__parameterized0_15 |   356|
|18    |      \g_depth_parallel_sliding[5].u_win_gen_ch   |window_generator_ver3_16                  |   243|
|19    |      \g_depth_parallel_sliding[6].u_line_buf_ch  |line_buffer_model_ver3__parameterized0_17 |   356|
|20    |      \g_depth_parallel_sliding[6].u_win_gen_ch   |window_generator_ver3_18                  |   243|
|21    |      \g_depth_parallel_sliding[7].u_line_buf_ch  |line_buffer_model_ver3__parameterized0_19 |   356|
|22    |      \g_depth_parallel_sliding[7].u_win_gen_ch   |window_generator_ver3_20                  |   243|
|23    |    u_fc                                          |fc_stream                                 |  4798|
|24    |    u_pool1                                       |maxpool_relu                              |  1506|
|25    |    u_pool2                                       |maxpool_relu__parameterized0              |  2004|
|26    |    u_shared_conv                                 |ws_conv_shared_engine                     | 42762|
|27    |      \g_requant_lane[0].u_requant                |requantize_relu_lane                      |   691|
|28    |      \g_requant_lane[1].u_requant                |requantize_relu_lane_0                    |   691|
|29    |      \g_requant_lane[2].u_requant                |requantize_relu_lane_1                    |   691|
|30    |      \g_requant_lane[3].u_requant                |requantize_relu_lane_2                    |   691|
|31    |      \g_requant_lane[4].u_requant                |requantize_relu_lane_3                    |   691|
|32    |      \g_requant_lane[5].u_requant                |requantize_relu_lane_4                    |   691|
|33    |      \g_requant_lane[6].u_requant                |requantize_relu_lane_5                    |   706|
|34    |      \g_requant_lane[7].u_requant                |requantize_relu_lane_6                    |   698|
|35    |  u_scheduler                                     |cnn_scheduler                             |    86|
+------+--------------------------------------------------+------------------------------------------+------+
---------------------------------------------------------------------------------
Finished Writing Synthesis Report : Time (s): cpu = 00:03:44 ; elapsed = 00:05:01 . Memory (MB): peak = 2323.164 ; gain = 1716.121
---------------------------------------------------------------------------------
Synthesis finished with 0 errors, 0 critical warnings and 83 warnings.
Synthesis Optimization Runtime : Time (s): cpu = 00:03:44 ; elapsed = 00:05:01 . Memory (MB): peak = 2323.164 ; gain = 1716.121
Synthesis Optimization Complete : Time (s): cpu = 00:03:44 ; elapsed = 00:05:01 . Memory (MB): peak = 2323.164 ; gain = 1716.121
INFO: [Project 1-571] Translating synthesized netlist
Netlist sorting complete. Time (s): cpu = 00:00:00 ; elapsed = 00:00:00.829 . Memory (MB): peak = 2323.164 ; gain = 0.000
INFO: [Netlist 29-17] Analyzing 5215 Unisim elements for replacement
INFO: [Netlist 29-28] Unisim Transformation completed in 0 CPU seconds
INFO: [Project 1-570] Preparing netlist for logic optimization
INFO: [Opt 31-138] Pushed 0 inverter(s) to 0 load pin(s).
Netlist sorting complete. Time (s): cpu = 00:00:00 ; elapsed = 00:00:00.037 . Memory (MB): peak = 2323.164 ; gain = 0.000
INFO: [Project 1-111] Unisim Transformation Summary:
  A total of 676 instances were transformed.
  RAM32M => RAM32M (RAMD32(x6), RAMS32(x2)): 120 instances
  RAM32X1D => RAM32X1D (RAMD32(x2)): 48 instances
  RAM64M => RAM64M (RAMD64E(x4)): 508 instances

Synth Design complete | Checksum: b64d5216
INFO: [Common 17-83] Releasing license: Synthesis
74 Infos, 83 Warnings, 0 Critical Warnings and 0 Errors encountered.
synth_design completed successfully
synth_design: Time (s): cpu = 00:03:55 ; elapsed = 00:05:27 . Memory (MB): peak = 2323.164 ; gain = 1719.059
# report_utilization -hierarchical -file [file join $report_dir \
#     utilization_synth_sanity_xc7a100t.rpt]
# puts "cnn_ver5 Vivado synthesis sanity PASS on $sanity_part"
cnn_ver5 Vivado synthesis sanity PASS on xc7a100tcsg324-1
# puts "This result does not certify XCZU9EG utilization, WNS or power."
This result does not certify XCZU9EG utilization, WNS or power.
# exit
INFO: [Common 17-206] Exiting Vivado at Tue Aug 11 16:52:57 2026...
